[2026-04-26T18:28:56.478+0000] {processor.py:186} INFO - Started process (PID=83) to work on /opt/airflow/dags/raw_from_api_to_s3.py
[2026-04-26T18:28:56.481+0000] {processor.py:914} INFO - Processing file /opt/airflow/dags/raw_from_api_to_s3.py for tasks to queue
[2026-04-26T18:28:56.490+0000] {logging_mixin.py:190} INFO - [2026-04-26T18:28:56.490+0000] {dagbag.py:588} INFO - Filling up the DagBag from /opt/airflow/dags/raw_from_api_to_s3.py
[2026-04-26T18:28:57.357+0000] {processor.py:925} INFO - DAG(s) 'raw_from_api_to_s3' retrieved from /opt/airflow/dags/raw_from_api_to_s3.py
[2026-04-26T18:28:57.513+0000] {logging_mixin.py:190} INFO - [2026-04-26T18:28:57.506+0000] {dag.py:3239} INFO - Sync 1 DAGs
[2026-04-26T18:28:57.638+0000] {processor.py:208} INFO - Processing /opt/airflow/dags/raw_from_api_to_s3.py took 1.168 seconds
[2026-04-26T18:29:28.231+0000] {processor.py:186} INFO - Started process (PID=97) to work on /opt/airflow/dags/raw_from_api_to_s3.py
[2026-04-26T18:29:28.244+0000] {processor.py:914} INFO - Processing file /opt/airflow/dags/raw_from_api_to_s3.py for tasks to queue
[2026-04-26T18:29:28.329+0000] {logging_mixin.py:190} INFO - [2026-04-26T18:29:28.290+0000] {dagbag.py:588} INFO - Filling up the DagBag from /opt/airflow/dags/raw_from_api_to_s3.py
[2026-04-26T18:29:29.990+0000] {processor.py:925} INFO - DAG(s) 'raw_from_api_to_s3' retrieved from /opt/airflow/dags/raw_from_api_to_s3.py
[2026-04-26T18:29:30.279+0000] {logging_mixin.py:190} INFO - [2026-04-26T18:29:30.278+0000] {dag.py:3239} INFO - Sync 1 DAGs
[2026-04-26T18:29:30.467+0000] {processor.py:208} INFO - Processing /opt/airflow/dags/raw_from_api_to_s3.py took 2.268 seconds
[2026-04-26T18:30:00.625+0000] {processor.py:186} INFO - Started process (PID=111) to work on /opt/airflow/dags/raw_from_api_to_s3.py
[2026-04-26T18:30:00.626+0000] {processor.py:914} INFO - Processing file /opt/airflow/dags/raw_from_api_to_s3.py for tasks to queue
[2026-04-26T18:30:00.635+0000] {logging_mixin.py:190} INFO - [2026-04-26T18:30:00.633+0000] {dagbag.py:588} INFO - Filling up the DagBag from /opt/airflow/dags/raw_from_api_to_s3.py
[2026-04-26T18:30:00.830+0000] {processor.py:925} INFO - DAG(s) 'raw_from_api_to_s3' retrieved from /opt/airflow/dags/raw_from_api_to_s3.py
[2026-04-26T18:30:00.848+0000] {logging_mixin.py:190} INFO - [2026-04-26T18:30:00.848+0000] {dag.py:3239} INFO - Sync 1 DAGs
[2026-04-26T18:30:00.881+0000] {logging_mixin.py:190} INFO - [2026-04-26T18:30:00.880+0000] {dag.py:4180} INFO - Setting next_dagrun for raw_from_api_to_s3 to 2026-04-26 00:00:00+00:00, run_after=2026-04-27 00:00:00+00:00
[2026-04-26T18:30:00.893+0000] {processor.py:208} INFO - Processing /opt/airflow/dags/raw_from_api_to_s3.py took 0.294 seconds
[2026-04-26T18:30:31.274+0000] {processor.py:186} INFO - Started process (PID=125) to work on /opt/airflow/dags/raw_from_api_to_s3.py
[2026-04-26T18:30:31.274+0000] {processor.py:914} INFO - Processing file /opt/airflow/dags/raw_from_api_to_s3.py for tasks to queue
[2026-04-26T18:30:31.280+0000] {logging_mixin.py:190} INFO - [2026-04-26T18:30:31.277+0000] {dagbag.py:588} INFO - Filling up the DagBag from /opt/airflow/dags/raw_from_api_to_s3.py
[2026-04-26T18:30:31.397+0000] {processor.py:925} INFO - DAG(s) 'raw_from_api_to_s3' retrieved from /opt/airflow/dags/raw_from_api_to_s3.py
[2026-04-26T18:30:31.422+0000] {logging_mixin.py:190} INFO - [2026-04-26T18:30:31.421+0000] {dag.py:3239} INFO - Sync 1 DAGs
[2026-04-26T18:30:31.453+0000] {logging_mixin.py:190} INFO - [2026-04-26T18:30:31.453+0000] {dag.py:4180} INFO - Setting next_dagrun for raw_from_api_to_s3 to 2026-04-26 00:00:00+00:00, run_after=2026-04-27 00:00:00+00:00
[2026-04-26T18:30:31.467+0000] {processor.py:208} INFO - Processing /opt/airflow/dags/raw_from_api_to_s3.py took 0.203 seconds
[2026-04-26T18:31:01.685+0000] {processor.py:186} INFO - Started process (PID=139) to work on /opt/airflow/dags/raw_from_api_to_s3.py
[2026-04-26T18:31:01.686+0000] {processor.py:914} INFO - Processing file /opt/airflow/dags/raw_from_api_to_s3.py for tasks to queue
[2026-04-26T18:31:01.691+0000] {logging_mixin.py:190} INFO - [2026-04-26T18:31:01.691+0000] {dagbag.py:588} INFO - Filling up the DagBag from /opt/airflow/dags/raw_from_api_to_s3.py
[2026-04-26T18:31:01.807+0000] {processor.py:925} INFO - DAG(s) 'raw_from_api_to_s3' retrieved from /opt/airflow/dags/raw_from_api_to_s3.py
[2026-04-26T18:31:01.821+0000] {logging_mixin.py:190} INFO - [2026-04-26T18:31:01.821+0000] {dag.py:3239} INFO - Sync 1 DAGs
[2026-04-26T18:31:01.839+0000] {logging_mixin.py:190} INFO - [2026-04-26T18:31:01.839+0000] {dag.py:4180} INFO - Setting next_dagrun for raw_from_api_to_s3 to 2026-04-26 00:00:00+00:00, run_after=2026-04-27 00:00:00+00:00
[2026-04-26T18:31:02.724+0000] {processor.py:208} INFO - Processing /opt/airflow/dags/raw_from_api_to_s3.py took 1.057 seconds
[2026-04-26T18:31:33.085+0000] {processor.py:186} INFO - Started process (PID=153) to work on /opt/airflow/dags/raw_from_api_to_s3.py
[2026-04-26T18:31:33.087+0000] {processor.py:914} INFO - Processing file /opt/airflow/dags/raw_from_api_to_s3.py for tasks to queue
[2026-04-26T18:31:33.090+0000] {logging_mixin.py:190} INFO - [2026-04-26T18:31:33.090+0000] {dagbag.py:588} INFO - Filling up the DagBag from /opt/airflow/dags/raw_from_api_to_s3.py
[2026-04-26T18:31:33.249+0000] {processor.py:925} INFO - DAG(s) 'raw_from_api_to_s3' retrieved from /opt/airflow/dags/raw_from_api_to_s3.py
[2026-04-26T18:31:33.266+0000] {logging_mixin.py:190} INFO - [2026-04-26T18:31:33.266+0000] {dag.py:3239} INFO - Sync 1 DAGs
[2026-04-26T18:31:33.596+0000] {logging_mixin.py:190} INFO - [2026-04-26T18:31:33.596+0000] {dag.py:4180} INFO - Setting next_dagrun for raw_from_api_to_s3 to 2026-04-26 00:00:00+00:00, run_after=2026-04-27 00:00:00+00:00
[2026-04-26T18:31:33.612+0000] {processor.py:208} INFO - Processing /opt/airflow/dags/raw_from_api_to_s3.py took 0.544 seconds
[2026-04-26T18:32:04.015+0000] {processor.py:186} INFO - Started process (PID=167) to work on /opt/airflow/dags/raw_from_api_to_s3.py
[2026-04-26T18:32:04.017+0000] {processor.py:914} INFO - Processing file /opt/airflow/dags/raw_from_api_to_s3.py for tasks to queue
[2026-04-26T18:32:04.020+0000] {logging_mixin.py:190} INFO - [2026-04-26T18:32:04.020+0000] {dagbag.py:588} INFO - Filling up the DagBag from /opt/airflow/dags/raw_from_api_to_s3.py
[2026-04-26T18:32:04.109+0000] {processor.py:925} INFO - DAG(s) 'raw_from_api_to_s3' retrieved from /opt/airflow/dags/raw_from_api_to_s3.py
[2026-04-26T18:32:04.126+0000] {logging_mixin.py:190} INFO - [2026-04-26T18:32:04.126+0000] {dag.py:3239} INFO - Sync 1 DAGs
[2026-04-26T18:32:04.363+0000] {logging_mixin.py:190} INFO - [2026-04-26T18:32:04.363+0000] {dag.py:4180} INFO - Setting next_dagrun for raw_from_api_to_s3 to 2026-04-26 00:00:00+00:00, run_after=2026-04-27 00:00:00+00:00
[2026-04-26T18:32:04.369+0000] {processor.py:208} INFO - Processing /opt/airflow/dags/raw_from_api_to_s3.py took 0.365 seconds
[2026-04-26T18:32:34.756+0000] {processor.py:186} INFO - Started process (PID=181) to work on /opt/airflow/dags/raw_from_api_to_s3.py
[2026-04-26T18:32:34.757+0000] {processor.py:914} INFO - Processing file /opt/airflow/dags/raw_from_api_to_s3.py for tasks to queue
[2026-04-26T18:32:34.763+0000] {logging_mixin.py:190} INFO - [2026-04-26T18:32:34.763+0000] {dagbag.py:588} INFO - Filling up the DagBag from /opt/airflow/dags/raw_from_api_to_s3.py
[2026-04-26T18:32:34.905+0000] {processor.py:925} INFO - DAG(s) 'raw_from_api_to_s3' retrieved from /opt/airflow/dags/raw_from_api_to_s3.py
[2026-04-26T18:32:35.140+0000] {logging_mixin.py:190} INFO - [2026-04-26T18:32:35.140+0000] {dag.py:3239} INFO - Sync 1 DAGs
[2026-04-26T18:32:35.185+0000] {logging_mixin.py:190} INFO - [2026-04-26T18:32:35.184+0000] {dag.py:4180} INFO - Setting next_dagrun for raw_from_api_to_s3 to 2026-04-26 00:00:00+00:00, run_after=2026-04-27 00:00:00+00:00
[2026-04-26T18:32:35.235+0000] {processor.py:208} INFO - Processing /opt/airflow/dags/raw_from_api_to_s3.py took 0.486 seconds
[2026-04-26T18:33:05.631+0000] {processor.py:186} INFO - Started process (PID=195) to work on /opt/airflow/dags/raw_from_api_to_s3.py
[2026-04-26T18:33:05.632+0000] {processor.py:914} INFO - Processing file /opt/airflow/dags/raw_from_api_to_s3.py for tasks to queue
[2026-04-26T18:33:05.640+0000] {logging_mixin.py:190} INFO - [2026-04-26T18:33:05.639+0000] {dagbag.py:588} INFO - Filling up the DagBag from /opt/airflow/dags/raw_from_api_to_s3.py
[2026-04-26T18:33:06.031+0000] {processor.py:925} INFO - DAG(s) 'raw_from_api_to_s3' retrieved from /opt/airflow/dags/raw_from_api_to_s3.py
[2026-04-26T18:33:06.039+0000] {logging_mixin.py:190} INFO - [2026-04-26T18:33:06.039+0000] {dag.py:3239} INFO - Sync 1 DAGs
[2026-04-26T18:33:06.052+0000] {logging_mixin.py:190} INFO - [2026-04-26T18:33:06.052+0000] {dag.py:4180} INFO - Setting next_dagrun for raw_from_api_to_s3 to 2026-04-26 00:00:00+00:00, run_after=2026-04-27 00:00:00+00:00
[2026-04-26T18:33:06.061+0000] {processor.py:208} INFO - Processing /opt/airflow/dags/raw_from_api_to_s3.py took 0.444 seconds
