[2026-04-14T18:12:58.225+0000] {local_task_job_runner.py:123} INFO - ::group::Pre task execution logs
[2026-04-14T18:12:58.233+0000] {taskinstance.py:2612} INFO - Dependencies all met for dep_context=non-requeueable deps ti=<TaskInstance: raw_from_api_to_s3.get_and_transfer_api_data_to_s3 scheduled__2026-04-11T00:00:00+00:00 [queued]>
[2026-04-14T18:12:58.236+0000] {taskinstance.py:2612} INFO - Dependencies all met for dep_context=requeueable deps ti=<TaskInstance: raw_from_api_to_s3.get_and_transfer_api_data_to_s3 scheduled__2026-04-11T00:00:00+00:00 [queued]>
[2026-04-14T18:12:58.236+0000] {taskinstance.py:2865} INFO - Starting attempt 1 of 4
[2026-04-14T18:12:58.241+0000] {taskinstance.py:2888} INFO - Executing <Task(PythonOperator): get_and_transfer_api_data_to_s3> on 2026-04-11 00:00:00+00:00
[2026-04-14T18:12:58.246+0000] {warnings.py:112} WARNING - /home/***/.local/lib/python3.12/site-packages/***/task/task_runner/standard_task_runner.py:70: DeprecationWarning: This process (pid=1803) is multi-threaded, use of fork() may lead to deadlocks in the child.
  pid = os.fork()

[2026-04-14T18:12:58.247+0000] {standard_task_runner.py:72} INFO - Started process 1811 to run task
[2026-04-14T18:12:58.249+0000] {standard_task_runner.py:104} INFO - Running: ['***', 'tasks', 'run', 'raw_from_api_to_s3', 'get_and_transfer_api_data_to_s3', 'scheduled__2026-04-11T00:00:00+00:00', '--job-id', '29', '--raw', '--subdir', 'DAGS_FOLDER/raw_from_api_to_s3.py', '--cfg-path', '/tmp/tmpmmaz1tff']
[2026-04-14T18:12:58.249+0000] {standard_task_runner.py:105} INFO - Job 29: Subtask get_and_transfer_api_data_to_s3
[2026-04-14T18:12:58.277+0000] {task_command.py:467} INFO - Running <TaskInstance: raw_from_api_to_s3.get_and_transfer_api_data_to_s3 scheduled__2026-04-11T00:00:00+00:00 [running]> on host 24150d739e20
[2026-04-14T18:12:58.312+0000] {taskinstance.py:3131} INFO - Exporting env vars: AIRFLOW_CTX_DAG_OWNER='s.kiyassov' AIRFLOW_CTX_DAG_ID='raw_from_api_to_s3' AIRFLOW_CTX_TASK_ID='get_and_transfer_api_data_to_s3' AIRFLOW_CTX_EXECUTION_DATE='2026-04-11T00:00:00+00:00' AIRFLOW_CTX_TRY_NUMBER='1' AIRFLOW_CTX_DAG_RUN_ID='scheduled__2026-04-11T00:00:00+00:00'
[2026-04-14T18:12:58.313+0000] {taskinstance.py:731} INFO - ::endgroup::
[2026-04-14T18:12:58.321+0000] {raw_from_api_to_s3.py:49} INFO - 💻 Start load for dates: 2026-04-11/2026-04-12
[2026-04-14T18:12:59.789+0000] {raw_from_api_to_s3.py:75} INFO - Download for date success: 2026-04-11
[2026-04-14T18:12:59.790+0000] {python.py:240} INFO - Done. Returned value was: None
[2026-04-14T18:12:59.796+0000] {taskinstance.py:340} INFO - ::group::Post task execution logs
[2026-04-14T18:12:59.796+0000] {taskinstance.py:352} INFO - Marking task as SUCCESS. dag_id=raw_from_api_to_s3, task_id=get_and_transfer_api_data_to_s3, run_id=scheduled__2026-04-11T00:00:00+00:00, execution_date=20260411T000000, start_date=20260414T181258, end_date=20260414T181259
[2026-04-14T18:12:59.835+0000] {local_task_job_runner.py:266} INFO - Task exited with return code 0
[2026-04-14T18:12:59.848+0000] {taskinstance.py:3900} INFO - 0 downstream tasks scheduled from follow-on schedule check
[2026-04-14T18:12:59.848+0000] {local_task_job_runner.py:245} INFO - ::endgroup::
