[2026-04-06T14:54:57.560+0000] {processor.py:186} INFO - Started process (PID=734) to work on /opt/airflow/dags/earthquake_etl.py
[2026-04-06T14:54:57.561+0000] {processor.py:914} INFO - Processing file /opt/airflow/dags/earthquake_etl.py for tasks to queue
[2026-04-06T14:54:57.586+0000] {logging_mixin.py:190} INFO - [2026-04-06T14:54:57.584+0000] {dagbag.py:588} INFO - Filling up the DagBag from /opt/airflow/dags/earthquake_etl.py
[2026-04-06T14:54:57.602+0000] {processor.py:927} WARNING - No viable dags retrieved from /opt/airflow/dags/earthquake_etl.py
[2026-04-06T14:54:57.645+0000] {processor.py:208} INFO - Processing /opt/airflow/dags/earthquake_etl.py took 0.119 seconds
[2026-04-06T14:55:28.288+0000] {processor.py:186} INFO - Started process (PID=741) to work on /opt/airflow/dags/earthquake_etl.py
[2026-04-06T14:55:28.290+0000] {processor.py:914} INFO - Processing file /opt/airflow/dags/earthquake_etl.py for tasks to queue
[2026-04-06T14:55:28.297+0000] {logging_mixin.py:190} INFO - [2026-04-06T14:55:28.295+0000] {dagbag.py:588} INFO - Filling up the DagBag from /opt/airflow/dags/earthquake_etl.py
[2026-04-06T14:55:28.304+0000] {processor.py:927} WARNING - No viable dags retrieved from /opt/airflow/dags/earthquake_etl.py
[2026-04-06T14:55:28.329+0000] {processor.py:208} INFO - Processing /opt/airflow/dags/earthquake_etl.py took 0.058 seconds
[2026-04-06T14:55:58.768+0000] {processor.py:186} INFO - Started process (PID=748) to work on /opt/airflow/dags/earthquake_etl.py
[2026-04-06T14:55:58.770+0000] {processor.py:914} INFO - Processing file /opt/airflow/dags/earthquake_etl.py for tasks to queue
[2026-04-06T14:55:58.778+0000] {logging_mixin.py:190} INFO - [2026-04-06T14:55:58.777+0000] {dagbag.py:588} INFO - Filling up the DagBag from /opt/airflow/dags/earthquake_etl.py
[2026-04-06T14:55:58.785+0000] {processor.py:927} WARNING - No viable dags retrieved from /opt/airflow/dags/earthquake_etl.py
[2026-04-06T14:55:58.817+0000] {processor.py:208} INFO - Processing /opt/airflow/dags/earthquake_etl.py took 0.061 seconds
[2026-04-06T14:56:29.291+0000] {processor.py:186} INFO - Started process (PID=761) to work on /opt/airflow/dags/earthquake_etl.py
[2026-04-06T14:56:29.292+0000] {processor.py:914} INFO - Processing file /opt/airflow/dags/earthquake_etl.py for tasks to queue
[2026-04-06T14:56:29.296+0000] {logging_mixin.py:190} INFO - [2026-04-06T14:56:29.296+0000] {dagbag.py:588} INFO - Filling up the DagBag from /opt/airflow/dags/earthquake_etl.py
[2026-04-06T14:56:29.300+0000] {processor.py:927} WARNING - No viable dags retrieved from /opt/airflow/dags/earthquake_etl.py
[2026-04-06T14:56:29.317+0000] {processor.py:208} INFO - Processing /opt/airflow/dags/earthquake_etl.py took 0.037 seconds
[2026-04-06T14:56:59.801+0000] {processor.py:186} INFO - Started process (PID=768) to work on /opt/airflow/dags/earthquake_etl.py
[2026-04-06T14:56:59.802+0000] {processor.py:914} INFO - Processing file /opt/airflow/dags/earthquake_etl.py for tasks to queue
[2026-04-06T14:56:59.808+0000] {logging_mixin.py:190} INFO - [2026-04-06T14:56:59.808+0000] {dagbag.py:588} INFO - Filling up the DagBag from /opt/airflow/dags/earthquake_etl.py
[2026-04-06T14:56:59.812+0000] {processor.py:927} WARNING - No viable dags retrieved from /opt/airflow/dags/earthquake_etl.py
[2026-04-06T14:56:59.834+0000] {processor.py:208} INFO - Processing /opt/airflow/dags/earthquake_etl.py took 0.046 seconds
[2026-04-06T14:57:30.243+0000] {processor.py:186} INFO - Started process (PID=774) to work on /opt/airflow/dags/earthquake_etl.py
[2026-04-06T14:57:30.245+0000] {processor.py:914} INFO - Processing file /opt/airflow/dags/earthquake_etl.py for tasks to queue
[2026-04-06T14:57:30.251+0000] {logging_mixin.py:190} INFO - [2026-04-06T14:57:30.250+0000] {dagbag.py:588} INFO - Filling up the DagBag from /opt/airflow/dags/earthquake_etl.py
[2026-04-06T14:57:30.255+0000] {processor.py:927} WARNING - No viable dags retrieved from /opt/airflow/dags/earthquake_etl.py
[2026-04-06T14:57:30.273+0000] {processor.py:208} INFO - Processing /opt/airflow/dags/earthquake_etl.py took 0.041 seconds
[2026-04-06T14:58:00.679+0000] {processor.py:186} INFO - Started process (PID=781) to work on /opt/airflow/dags/earthquake_etl.py
[2026-04-06T14:58:00.680+0000] {processor.py:914} INFO - Processing file /opt/airflow/dags/earthquake_etl.py for tasks to queue
[2026-04-06T14:58:00.685+0000] {logging_mixin.py:190} INFO - [2026-04-06T14:58:00.684+0000] {dagbag.py:588} INFO - Filling up the DagBag from /opt/airflow/dags/earthquake_etl.py
[2026-04-06T14:58:00.690+0000] {processor.py:927} WARNING - No viable dags retrieved from /opt/airflow/dags/earthquake_etl.py
[2026-04-06T14:58:00.703+0000] {processor.py:208} INFO - Processing /opt/airflow/dags/earthquake_etl.py took 0.041 seconds
[2026-04-06T14:58:31.080+0000] {processor.py:186} INFO - Started process (PID=788) to work on /opt/airflow/dags/earthquake_etl.py
[2026-04-06T14:58:31.082+0000] {processor.py:914} INFO - Processing file /opt/airflow/dags/earthquake_etl.py for tasks to queue
[2026-04-06T14:58:31.084+0000] {logging_mixin.py:190} INFO - [2026-04-06T14:58:31.084+0000] {dagbag.py:588} INFO - Filling up the DagBag from /opt/airflow/dags/earthquake_etl.py
[2026-04-06T14:58:31.087+0000] {processor.py:927} WARNING - No viable dags retrieved from /opt/airflow/dags/earthquake_etl.py
[2026-04-06T14:58:31.107+0000] {processor.py:208} INFO - Processing /opt/airflow/dags/earthquake_etl.py took 0.039 seconds
[2026-04-06T14:59:01.600+0000] {processor.py:186} INFO - Started process (PID=795) to work on /opt/airflow/dags/earthquake_etl.py
[2026-04-06T14:59:01.602+0000] {processor.py:914} INFO - Processing file /opt/airflow/dags/earthquake_etl.py for tasks to queue
[2026-04-06T14:59:01.605+0000] {logging_mixin.py:190} INFO - [2026-04-06T14:59:01.604+0000] {dagbag.py:588} INFO - Filling up the DagBag from /opt/airflow/dags/earthquake_etl.py
[2026-04-06T14:59:01.609+0000] {processor.py:927} WARNING - No viable dags retrieved from /opt/airflow/dags/earthquake_etl.py
[2026-04-06T14:59:01.626+0000] {processor.py:208} INFO - Processing /opt/airflow/dags/earthquake_etl.py took 0.035 seconds
[2026-04-06T14:59:32.216+0000] {processor.py:186} INFO - Started process (PID=802) to work on /opt/airflow/dags/earthquake_etl.py
[2026-04-06T14:59:32.220+0000] {processor.py:914} INFO - Processing file /opt/airflow/dags/earthquake_etl.py for tasks to queue
[2026-04-06T14:59:32.229+0000] {logging_mixin.py:190} INFO - [2026-04-06T14:59:32.228+0000] {dagbag.py:588} INFO - Filling up the DagBag from /opt/airflow/dags/earthquake_etl.py
[2026-04-06T14:59:32.236+0000] {processor.py:927} WARNING - No viable dags retrieved from /opt/airflow/dags/earthquake_etl.py
[2026-04-06T14:59:32.263+0000] {processor.py:208} INFO - Processing /opt/airflow/dags/earthquake_etl.py took 0.066 seconds
[2026-04-06T15:00:02.728+0000] {processor.py:186} INFO - Started process (PID=809) to work on /opt/airflow/dags/earthquake_etl.py
[2026-04-06T15:00:02.729+0000] {processor.py:914} INFO - Processing file /opt/airflow/dags/earthquake_etl.py for tasks to queue
[2026-04-06T15:00:02.733+0000] {logging_mixin.py:190} INFO - [2026-04-06T15:00:02.732+0000] {dagbag.py:588} INFO - Filling up the DagBag from /opt/airflow/dags/earthquake_etl.py
[2026-04-06T15:00:02.739+0000] {processor.py:927} WARNING - No viable dags retrieved from /opt/airflow/dags/earthquake_etl.py
[2026-04-06T15:00:02.757+0000] {processor.py:208} INFO - Processing /opt/airflow/dags/earthquake_etl.py took 0.040 seconds
[2026-04-06T15:00:33.207+0000] {processor.py:186} INFO - Started process (PID=816) to work on /opt/airflow/dags/earthquake_etl.py
[2026-04-06T15:00:33.209+0000] {processor.py:914} INFO - Processing file /opt/airflow/dags/earthquake_etl.py for tasks to queue
[2026-04-06T15:00:33.214+0000] {logging_mixin.py:190} INFO - [2026-04-06T15:00:33.213+0000] {dagbag.py:588} INFO - Filling up the DagBag from /opt/airflow/dags/earthquake_etl.py
[2026-04-06T15:00:33.218+0000] {processor.py:927} WARNING - No viable dags retrieved from /opt/airflow/dags/earthquake_etl.py
[2026-04-06T15:00:33.238+0000] {processor.py:208} INFO - Processing /opt/airflow/dags/earthquake_etl.py took 0.041 seconds
[2026-04-06T15:01:03.785+0000] {processor.py:186} INFO - Started process (PID=823) to work on /opt/airflow/dags/earthquake_etl.py
[2026-04-06T15:01:03.787+0000] {processor.py:914} INFO - Processing file /opt/airflow/dags/earthquake_etl.py for tasks to queue
[2026-04-06T15:01:03.797+0000] {logging_mixin.py:190} INFO - [2026-04-06T15:01:03.795+0000] {dagbag.py:588} INFO - Filling up the DagBag from /opt/airflow/dags/earthquake_etl.py
[2026-04-06T15:01:03.805+0000] {processor.py:927} WARNING - No viable dags retrieved from /opt/airflow/dags/earthquake_etl.py
[2026-04-06T15:01:03.836+0000] {processor.py:208} INFO - Processing /opt/airflow/dags/earthquake_etl.py took 0.079 seconds
[2026-04-06T15:01:34.225+0000] {processor.py:186} INFO - Started process (PID=830) to work on /opt/airflow/dags/earthquake_etl.py
[2026-04-06T15:01:34.226+0000] {processor.py:914} INFO - Processing file /opt/airflow/dags/earthquake_etl.py for tasks to queue
[2026-04-06T15:01:34.232+0000] {logging_mixin.py:190} INFO - [2026-04-06T15:01:34.229+0000] {dagbag.py:588} INFO - Filling up the DagBag from /opt/airflow/dags/earthquake_etl.py
[2026-04-06T15:01:34.237+0000] {processor.py:927} WARNING - No viable dags retrieved from /opt/airflow/dags/earthquake_etl.py
[2026-04-06T15:01:34.252+0000] {processor.py:208} INFO - Processing /opt/airflow/dags/earthquake_etl.py took 0.044 seconds
[2026-04-06T15:02:04.645+0000] {processor.py:186} INFO - Started process (PID=837) to work on /opt/airflow/dags/earthquake_etl.py
[2026-04-06T15:02:04.647+0000] {processor.py:914} INFO - Processing file /opt/airflow/dags/earthquake_etl.py for tasks to queue
[2026-04-06T15:02:04.652+0000] {logging_mixin.py:190} INFO - [2026-04-06T15:02:04.651+0000] {dagbag.py:588} INFO - Filling up the DagBag from /opt/airflow/dags/earthquake_etl.py
[2026-04-06T15:02:04.657+0000] {processor.py:927} WARNING - No viable dags retrieved from /opt/airflow/dags/earthquake_etl.py
[2026-04-06T15:02:04.675+0000] {processor.py:208} INFO - Processing /opt/airflow/dags/earthquake_etl.py took 0.040 seconds
[2026-04-06T15:02:35.121+0000] {processor.py:186} INFO - Started process (PID=844) to work on /opt/airflow/dags/earthquake_etl.py
[2026-04-06T15:02:35.124+0000] {processor.py:914} INFO - Processing file /opt/airflow/dags/earthquake_etl.py for tasks to queue
[2026-04-06T15:02:35.128+0000] {logging_mixin.py:190} INFO - [2026-04-06T15:02:35.128+0000] {dagbag.py:588} INFO - Filling up the DagBag from /opt/airflow/dags/earthquake_etl.py
[2026-04-06T15:02:35.132+0000] {processor.py:927} WARNING - No viable dags retrieved from /opt/airflow/dags/earthquake_etl.py
[2026-04-06T15:02:35.154+0000] {processor.py:208} INFO - Processing /opt/airflow/dags/earthquake_etl.py took 0.044 seconds
[2026-04-06T15:03:05.782+0000] {processor.py:186} INFO - Started process (PID=851) to work on /opt/airflow/dags/earthquake_etl.py
[2026-04-06T15:03:05.783+0000] {processor.py:914} INFO - Processing file /opt/airflow/dags/earthquake_etl.py for tasks to queue
[2026-04-06T15:03:05.786+0000] {logging_mixin.py:190} INFO - [2026-04-06T15:03:05.786+0000] {dagbag.py:588} INFO - Filling up the DagBag from /opt/airflow/dags/earthquake_etl.py
[2026-04-06T15:03:05.790+0000] {processor.py:927} WARNING - No viable dags retrieved from /opt/airflow/dags/earthquake_etl.py
[2026-04-06T15:03:05.810+0000] {processor.py:208} INFO - Processing /opt/airflow/dags/earthquake_etl.py took 0.040 seconds
[2026-04-06T15:03:36.220+0000] {processor.py:186} INFO - Started process (PID=858) to work on /opt/airflow/dags/earthquake_etl.py
[2026-04-06T15:03:36.222+0000] {processor.py:914} INFO - Processing file /opt/airflow/dags/earthquake_etl.py for tasks to queue
[2026-04-06T15:03:36.229+0000] {logging_mixin.py:190} INFO - [2026-04-06T15:03:36.228+0000] {dagbag.py:588} INFO - Filling up the DagBag from /opt/airflow/dags/earthquake_etl.py
[2026-04-06T15:03:36.237+0000] {processor.py:927} WARNING - No viable dags retrieved from /opt/airflow/dags/earthquake_etl.py
[2026-04-06T15:03:36.263+0000] {processor.py:208} INFO - Processing /opt/airflow/dags/earthquake_etl.py took 0.063 seconds
[2026-04-06T15:04:06.704+0000] {processor.py:186} INFO - Started process (PID=865) to work on /opt/airflow/dags/earthquake_etl.py
[2026-04-06T15:04:06.707+0000] {processor.py:914} INFO - Processing file /opt/airflow/dags/earthquake_etl.py for tasks to queue
[2026-04-06T15:04:06.711+0000] {logging_mixin.py:190} INFO - [2026-04-06T15:04:06.710+0000] {dagbag.py:588} INFO - Filling up the DagBag from /opt/airflow/dags/earthquake_etl.py
[2026-04-06T15:04:06.713+0000] {processor.py:927} WARNING - No viable dags retrieved from /opt/airflow/dags/earthquake_etl.py
[2026-04-06T15:04:06.728+0000] {processor.py:208} INFO - Processing /opt/airflow/dags/earthquake_etl.py took 0.035 seconds
[2026-04-06T15:04:37.089+0000] {processor.py:186} INFO - Started process (PID=872) to work on /opt/airflow/dags/earthquake_etl.py
[2026-04-06T15:04:37.096+0000] {processor.py:914} INFO - Processing file /opt/airflow/dags/earthquake_etl.py for tasks to queue
[2026-04-06T15:04:37.101+0000] {logging_mixin.py:190} INFO - [2026-04-06T15:04:37.100+0000] {dagbag.py:588} INFO - Filling up the DagBag from /opt/airflow/dags/earthquake_etl.py
[2026-04-06T15:04:37.105+0000] {processor.py:927} WARNING - No viable dags retrieved from /opt/airflow/dags/earthquake_etl.py
[2026-04-06T15:04:37.135+0000] {processor.py:208} INFO - Processing /opt/airflow/dags/earthquake_etl.py took 0.057 seconds
[2026-04-06T15:05:07.562+0000] {processor.py:186} INFO - Started process (PID=879) to work on /opt/airflow/dags/earthquake_etl.py
[2026-04-06T15:05:07.563+0000] {processor.py:914} INFO - Processing file /opt/airflow/dags/earthquake_etl.py for tasks to queue
[2026-04-06T15:05:07.568+0000] {logging_mixin.py:190} INFO - [2026-04-06T15:05:07.567+0000] {dagbag.py:588} INFO - Filling up the DagBag from /opt/airflow/dags/earthquake_etl.py
[2026-04-06T15:05:07.572+0000] {processor.py:927} WARNING - No viable dags retrieved from /opt/airflow/dags/earthquake_etl.py
[2026-04-06T15:05:07.591+0000] {processor.py:208} INFO - Processing /opt/airflow/dags/earthquake_etl.py took 0.039 seconds
[2026-04-06T15:05:38.040+0000] {processor.py:186} INFO - Started process (PID=886) to work on /opt/airflow/dags/earthquake_etl.py
[2026-04-06T15:05:38.042+0000] {processor.py:914} INFO - Processing file /opt/airflow/dags/earthquake_etl.py for tasks to queue
[2026-04-06T15:05:38.045+0000] {logging_mixin.py:190} INFO - [2026-04-06T15:05:38.044+0000] {dagbag.py:588} INFO - Filling up the DagBag from /opt/airflow/dags/earthquake_etl.py
[2026-04-06T15:05:38.049+0000] {processor.py:927} WARNING - No viable dags retrieved from /opt/airflow/dags/earthquake_etl.py
[2026-04-06T15:05:38.069+0000] {processor.py:208} INFO - Processing /opt/airflow/dags/earthquake_etl.py took 0.045 seconds
[2026-04-06T15:06:08.360+0000] {processor.py:186} INFO - Started process (PID=893) to work on /opt/airflow/dags/earthquake_etl.py
[2026-04-06T15:06:08.362+0000] {processor.py:914} INFO - Processing file /opt/airflow/dags/earthquake_etl.py for tasks to queue
[2026-04-06T15:06:08.365+0000] {logging_mixin.py:190} INFO - [2026-04-06T15:06:08.364+0000] {dagbag.py:588} INFO - Filling up the DagBag from /opt/airflow/dags/earthquake_etl.py
[2026-04-06T15:06:08.370+0000] {processor.py:927} WARNING - No viable dags retrieved from /opt/airflow/dags/earthquake_etl.py
[2026-04-06T15:06:08.388+0000] {processor.py:208} INFO - Processing /opt/airflow/dags/earthquake_etl.py took 0.041 seconds
[2026-04-06T15:06:38.790+0000] {processor.py:186} INFO - Started process (PID=900) to work on /opt/airflow/dags/earthquake_etl.py
[2026-04-06T15:06:38.791+0000] {processor.py:914} INFO - Processing file /opt/airflow/dags/earthquake_etl.py for tasks to queue
[2026-04-06T15:06:38.794+0000] {logging_mixin.py:190} INFO - [2026-04-06T15:06:38.794+0000] {dagbag.py:588} INFO - Filling up the DagBag from /opt/airflow/dags/earthquake_etl.py
[2026-04-06T15:06:38.798+0000] {processor.py:927} WARNING - No viable dags retrieved from /opt/airflow/dags/earthquake_etl.py
[2026-04-06T15:06:38.813+0000] {processor.py:208} INFO - Processing /opt/airflow/dags/earthquake_etl.py took 0.042 seconds
[2026-04-06T15:07:09.186+0000] {processor.py:186} INFO - Started process (PID=907) to work on /opt/airflow/dags/earthquake_etl.py
[2026-04-06T15:07:09.188+0000] {processor.py:914} INFO - Processing file /opt/airflow/dags/earthquake_etl.py for tasks to queue
[2026-04-06T15:07:09.201+0000] {logging_mixin.py:190} INFO - [2026-04-06T15:07:09.200+0000] {dagbag.py:588} INFO - Filling up the DagBag from /opt/airflow/dags/earthquake_etl.py
[2026-04-06T15:07:09.205+0000] {processor.py:927} WARNING - No viable dags retrieved from /opt/airflow/dags/earthquake_etl.py
[2026-04-06T15:07:09.216+0000] {processor.py:208} INFO - Processing /opt/airflow/dags/earthquake_etl.py took 0.039 seconds
[2026-04-06T15:07:39.632+0000] {processor.py:186} INFO - Started process (PID=914) to work on /opt/airflow/dags/earthquake_etl.py
[2026-04-06T15:07:39.634+0000] {processor.py:914} INFO - Processing file /opt/airflow/dags/earthquake_etl.py for tasks to queue
[2026-04-06T15:07:39.641+0000] {logging_mixin.py:190} INFO - [2026-04-06T15:07:39.640+0000] {dagbag.py:588} INFO - Filling up the DagBag from /opt/airflow/dags/earthquake_etl.py
[2026-04-06T15:07:39.646+0000] {processor.py:927} WARNING - No viable dags retrieved from /opt/airflow/dags/earthquake_etl.py
[2026-04-06T15:07:39.659+0000] {processor.py:208} INFO - Processing /opt/airflow/dags/earthquake_etl.py took 0.050 seconds
[2026-04-06T15:08:10.251+0000] {processor.py:186} INFO - Started process (PID=921) to work on /opt/airflow/dags/earthquake_etl.py
[2026-04-06T15:08:10.255+0000] {processor.py:914} INFO - Processing file /opt/airflow/dags/earthquake_etl.py for tasks to queue
[2026-04-06T15:08:10.270+0000] {logging_mixin.py:190} INFO - [2026-04-06T15:08:10.268+0000] {dagbag.py:588} INFO - Filling up the DagBag from /opt/airflow/dags/earthquake_etl.py
[2026-04-06T15:08:10.280+0000] {processor.py:927} WARNING - No viable dags retrieved from /opt/airflow/dags/earthquake_etl.py
[2026-04-06T15:08:10.312+0000] {processor.py:208} INFO - Processing /opt/airflow/dags/earthquake_etl.py took 0.106 seconds
[2026-04-06T15:08:40.673+0000] {processor.py:186} INFO - Started process (PID=928) to work on /opt/airflow/dags/earthquake_etl.py
[2026-04-06T15:08:40.675+0000] {processor.py:914} INFO - Processing file /opt/airflow/dags/earthquake_etl.py for tasks to queue
[2026-04-06T15:08:40.680+0000] {logging_mixin.py:190} INFO - [2026-04-06T15:08:40.680+0000] {dagbag.py:588} INFO - Filling up the DagBag from /opt/airflow/dags/earthquake_etl.py
[2026-04-06T15:08:40.685+0000] {processor.py:927} WARNING - No viable dags retrieved from /opt/airflow/dags/earthquake_etl.py
[2026-04-06T15:08:40.708+0000] {processor.py:208} INFO - Processing /opt/airflow/dags/earthquake_etl.py took 0.044 seconds
[2026-04-06T15:09:11.148+0000] {processor.py:186} INFO - Started process (PID=935) to work on /opt/airflow/dags/earthquake_etl.py
[2026-04-06T15:09:11.149+0000] {processor.py:914} INFO - Processing file /opt/airflow/dags/earthquake_etl.py for tasks to queue
[2026-04-06T15:09:11.156+0000] {logging_mixin.py:190} INFO - [2026-04-06T15:09:11.155+0000] {dagbag.py:588} INFO - Filling up the DagBag from /opt/airflow/dags/earthquake_etl.py
[2026-04-06T15:09:11.165+0000] {processor.py:927} WARNING - No viable dags retrieved from /opt/airflow/dags/earthquake_etl.py
[2026-04-06T15:09:11.192+0000] {processor.py:208} INFO - Processing /opt/airflow/dags/earthquake_etl.py took 0.057 seconds
[2026-04-06T15:09:41.649+0000] {processor.py:186} INFO - Started process (PID=942) to work on /opt/airflow/dags/earthquake_etl.py
[2026-04-06T15:09:41.653+0000] {processor.py:914} INFO - Processing file /opt/airflow/dags/earthquake_etl.py for tasks to queue
[2026-04-06T15:09:41.661+0000] {logging_mixin.py:190} INFO - [2026-04-06T15:09:41.660+0000] {dagbag.py:588} INFO - Filling up the DagBag from /opt/airflow/dags/earthquake_etl.py
[2026-04-06T15:09:41.666+0000] {processor.py:927} WARNING - No viable dags retrieved from /opt/airflow/dags/earthquake_etl.py
[2026-04-06T15:09:41.810+0000] {processor.py:208} INFO - Processing /opt/airflow/dags/earthquake_etl.py took 0.202 seconds
[2026-04-06T15:10:12.128+0000] {processor.py:186} INFO - Started process (PID=949) to work on /opt/airflow/dags/earthquake_etl.py
[2026-04-06T15:10:12.130+0000] {processor.py:914} INFO - Processing file /opt/airflow/dags/earthquake_etl.py for tasks to queue
[2026-04-06T15:10:12.136+0000] {logging_mixin.py:190} INFO - [2026-04-06T15:10:12.136+0000] {dagbag.py:588} INFO - Filling up the DagBag from /opt/airflow/dags/earthquake_etl.py
[2026-04-06T15:10:12.141+0000] {processor.py:927} WARNING - No viable dags retrieved from /opt/airflow/dags/earthquake_etl.py
[2026-04-06T15:10:12.172+0000] {processor.py:208} INFO - Processing /opt/airflow/dags/earthquake_etl.py took 0.070 seconds
[2026-04-06T15:10:42.666+0000] {processor.py:186} INFO - Started process (PID=956) to work on /opt/airflow/dags/earthquake_etl.py
[2026-04-06T15:10:42.667+0000] {processor.py:914} INFO - Processing file /opt/airflow/dags/earthquake_etl.py for tasks to queue
[2026-04-06T15:10:42.671+0000] {logging_mixin.py:190} INFO - [2026-04-06T15:10:42.671+0000] {dagbag.py:588} INFO - Filling up the DagBag from /opt/airflow/dags/earthquake_etl.py
[2026-04-06T15:10:42.675+0000] {processor.py:927} WARNING - No viable dags retrieved from /opt/airflow/dags/earthquake_etl.py
[2026-04-06T15:10:42.699+0000] {processor.py:208} INFO - Processing /opt/airflow/dags/earthquake_etl.py took 0.044 seconds
[2026-04-06T15:11:13.191+0000] {processor.py:186} INFO - Started process (PID=963) to work on /opt/airflow/dags/earthquake_etl.py
[2026-04-06T15:11:13.192+0000] {processor.py:914} INFO - Processing file /opt/airflow/dags/earthquake_etl.py for tasks to queue
[2026-04-06T15:11:13.200+0000] {logging_mixin.py:190} INFO - [2026-04-06T15:11:13.199+0000] {dagbag.py:588} INFO - Filling up the DagBag from /opt/airflow/dags/earthquake_etl.py
[2026-04-06T15:11:13.205+0000] {processor.py:927} WARNING - No viable dags retrieved from /opt/airflow/dags/earthquake_etl.py
[2026-04-06T15:11:13.225+0000] {processor.py:208} INFO - Processing /opt/airflow/dags/earthquake_etl.py took 0.045 seconds
[2026-04-06T15:11:43.663+0000] {processor.py:186} INFO - Started process (PID=970) to work on /opt/airflow/dags/earthquake_etl.py
[2026-04-06T15:11:43.665+0000] {processor.py:914} INFO - Processing file /opt/airflow/dags/earthquake_etl.py for tasks to queue
[2026-04-06T15:11:43.670+0000] {logging_mixin.py:190} INFO - [2026-04-06T15:11:43.669+0000] {dagbag.py:588} INFO - Filling up the DagBag from /opt/airflow/dags/earthquake_etl.py
[2026-04-06T15:11:43.675+0000] {processor.py:927} WARNING - No viable dags retrieved from /opt/airflow/dags/earthquake_etl.py
[2026-04-06T15:11:43.696+0000] {processor.py:208} INFO - Processing /opt/airflow/dags/earthquake_etl.py took 0.045 seconds
[2026-04-06T15:12:13.160+0000] {processor.py:186} INFO - Started process (PID=977) to work on /opt/airflow/dags/earthquake_etl.py
[2026-04-06T15:12:13.162+0000] {processor.py:914} INFO - Processing file /opt/airflow/dags/earthquake_etl.py for tasks to queue
[2026-04-06T15:12:13.170+0000] {logging_mixin.py:190} INFO - [2026-04-06T15:12:13.170+0000] {dagbag.py:588} INFO - Filling up the DagBag from /opt/airflow/dags/earthquake_etl.py
[2026-04-06T15:12:13.183+0000] {logging_mixin.py:190} INFO - [2026-04-06T15:12:13.176+0000] {dagbag.py:387} ERROR - Failed to import: /opt/airflow/dags/earthquake_etl.py
Traceback (most recent call last):
  File "/home/airflow/.local/lib/python3.12/site-packages/airflow/models/dagbag.py", line 383, in parse
    loader.exec_module(new_module)
  File "<frozen importlib._bootstrap_external>", line 995, in exec_module
  File "<frozen importlib._bootstrap>", line 488, in _call_with_frames_removed
  File "/opt/airflow/dags/earthquake_etl.py", line 2, in <module>
    sad
NameError: name 'sad' is not defined
[2026-04-06T15:12:13.184+0000] {processor.py:927} WARNING - No viable dags retrieved from /opt/airflow/dags/earthquake_etl.py
[2026-04-06T15:12:13.234+0000] {processor.py:208} INFO - Processing /opt/airflow/dags/earthquake_etl.py took 0.081 seconds
[2026-04-06T15:12:17.416+0000] {processor.py:186} INFO - Started process (PID=978) to work on /opt/airflow/dags/earthquake_etl.py
[2026-04-06T15:12:17.418+0000] {processor.py:914} INFO - Processing file /opt/airflow/dags/earthquake_etl.py for tasks to queue
[2026-04-06T15:12:17.425+0000] {logging_mixin.py:190} INFO - [2026-04-06T15:12:17.424+0000] {dagbag.py:588} INFO - Filling up the DagBag from /opt/airflow/dags/earthquake_etl.py
[2026-04-06T15:12:17.434+0000] {processor.py:927} WARNING - No viable dags retrieved from /opt/airflow/dags/earthquake_etl.py
[2026-04-06T15:12:17.473+0000] {processor.py:208} INFO - Processing /opt/airflow/dags/earthquake_etl.py took 0.077 seconds
[2026-04-06T15:12:48.231+0000] {processor.py:186} INFO - Started process (PID=985) to work on /opt/airflow/dags/earthquake_etl.py
[2026-04-06T15:12:48.233+0000] {processor.py:914} INFO - Processing file /opt/airflow/dags/earthquake_etl.py for tasks to queue
[2026-04-06T15:12:48.239+0000] {logging_mixin.py:190} INFO - [2026-04-06T15:12:48.239+0000] {dagbag.py:588} INFO - Filling up the DagBag from /opt/airflow/dags/earthquake_etl.py
[2026-04-06T15:12:48.243+0000] {processor.py:927} WARNING - No viable dags retrieved from /opt/airflow/dags/earthquake_etl.py
[2026-04-06T15:12:48.256+0000] {processor.py:208} INFO - Processing /opt/airflow/dags/earthquake_etl.py took 0.034 seconds
[2026-04-06T15:13:18.609+0000] {processor.py:186} INFO - Started process (PID=992) to work on /opt/airflow/dags/earthquake_etl.py
[2026-04-06T15:13:18.611+0000] {processor.py:914} INFO - Processing file /opt/airflow/dags/earthquake_etl.py for tasks to queue
[2026-04-06T15:13:18.615+0000] {logging_mixin.py:190} INFO - [2026-04-06T15:13:18.614+0000] {dagbag.py:588} INFO - Filling up the DagBag from /opt/airflow/dags/earthquake_etl.py
[2026-04-06T15:13:18.621+0000] {processor.py:927} WARNING - No viable dags retrieved from /opt/airflow/dags/earthquake_etl.py
[2026-04-06T15:13:18.639+0000] {processor.py:208} INFO - Processing /opt/airflow/dags/earthquake_etl.py took 0.045 seconds
[2026-04-06T15:13:49.164+0000] {processor.py:186} INFO - Started process (PID=999) to work on /opt/airflow/dags/earthquake_etl.py
[2026-04-06T15:13:49.165+0000] {processor.py:914} INFO - Processing file /opt/airflow/dags/earthquake_etl.py for tasks to queue
[2026-04-06T15:13:49.173+0000] {logging_mixin.py:190} INFO - [2026-04-06T15:13:49.172+0000] {dagbag.py:588} INFO - Filling up the DagBag from /opt/airflow/dags/earthquake_etl.py
[2026-04-06T15:13:49.177+0000] {processor.py:927} WARNING - No viable dags retrieved from /opt/airflow/dags/earthquake_etl.py
[2026-04-06T15:13:49.198+0000] {processor.py:208} INFO - Processing /opt/airflow/dags/earthquake_etl.py took 0.043 seconds
[2026-04-06T15:14:19.852+0000] {processor.py:186} INFO - Started process (PID=1006) to work on /opt/airflow/dags/earthquake_etl.py
[2026-04-06T15:14:19.854+0000] {processor.py:914} INFO - Processing file /opt/airflow/dags/earthquake_etl.py for tasks to queue
[2026-04-06T15:14:19.858+0000] {logging_mixin.py:190} INFO - [2026-04-06T15:14:19.857+0000] {dagbag.py:588} INFO - Filling up the DagBag from /opt/airflow/dags/earthquake_etl.py
[2026-04-06T15:14:19.862+0000] {processor.py:927} WARNING - No viable dags retrieved from /opt/airflow/dags/earthquake_etl.py
[2026-04-06T15:14:19.886+0000] {processor.py:208} INFO - Processing /opt/airflow/dags/earthquake_etl.py took 0.112 seconds
[2026-04-06T15:14:50.440+0000] {processor.py:186} INFO - Started process (PID=1013) to work on /opt/airflow/dags/earthquake_etl.py
[2026-04-06T15:14:50.442+0000] {processor.py:914} INFO - Processing file /opt/airflow/dags/earthquake_etl.py for tasks to queue
[2026-04-06T15:14:50.446+0000] {logging_mixin.py:190} INFO - [2026-04-06T15:14:50.446+0000] {dagbag.py:588} INFO - Filling up the DagBag from /opt/airflow/dags/earthquake_etl.py
[2026-04-06T15:14:50.457+0000] {processor.py:927} WARNING - No viable dags retrieved from /opt/airflow/dags/earthquake_etl.py
[2026-04-06T15:14:50.481+0000] {processor.py:208} INFO - Processing /opt/airflow/dags/earthquake_etl.py took 0.053 seconds
[2026-04-06T15:15:21.115+0000] {processor.py:186} INFO - Started process (PID=1020) to work on /opt/airflow/dags/earthquake_etl.py
[2026-04-06T15:15:21.117+0000] {processor.py:914} INFO - Processing file /opt/airflow/dags/earthquake_etl.py for tasks to queue
[2026-04-06T15:15:21.121+0000] {logging_mixin.py:190} INFO - [2026-04-06T15:15:21.121+0000] {dagbag.py:588} INFO - Filling up the DagBag from /opt/airflow/dags/earthquake_etl.py
[2026-04-06T15:15:21.126+0000] {processor.py:927} WARNING - No viable dags retrieved from /opt/airflow/dags/earthquake_etl.py
[2026-04-06T15:15:21.146+0000] {processor.py:208} INFO - Processing /opt/airflow/dags/earthquake_etl.py took 0.045 seconds
[2026-04-06T15:15:51.613+0000] {processor.py:186} INFO - Started process (PID=1026) to work on /opt/airflow/dags/earthquake_etl.py
[2026-04-06T15:15:51.619+0000] {processor.py:914} INFO - Processing file /opt/airflow/dags/earthquake_etl.py for tasks to queue
[2026-04-06T15:15:51.623+0000] {logging_mixin.py:190} INFO - [2026-04-06T15:15:51.622+0000] {dagbag.py:588} INFO - Filling up the DagBag from /opt/airflow/dags/earthquake_etl.py
[2026-04-06T15:15:51.626+0000] {processor.py:927} WARNING - No viable dags retrieved from /opt/airflow/dags/earthquake_etl.py
[2026-04-06T15:15:51.642+0000] {processor.py:208} INFO - Processing /opt/airflow/dags/earthquake_etl.py took 0.040 seconds
[2026-04-06T15:16:22.277+0000] {processor.py:186} INFO - Started process (PID=1033) to work on /opt/airflow/dags/earthquake_etl.py
[2026-04-06T15:16:22.278+0000] {processor.py:914} INFO - Processing file /opt/airflow/dags/earthquake_etl.py for tasks to queue
[2026-04-06T15:16:22.284+0000] {logging_mixin.py:190} INFO - [2026-04-06T15:16:22.284+0000] {dagbag.py:588} INFO - Filling up the DagBag from /opt/airflow/dags/earthquake_etl.py
[2026-04-06T15:16:22.288+0000] {processor.py:927} WARNING - No viable dags retrieved from /opt/airflow/dags/earthquake_etl.py
[2026-04-06T15:16:22.308+0000] {processor.py:208} INFO - Processing /opt/airflow/dags/earthquake_etl.py took 0.044 seconds
[2026-04-06T15:16:52.714+0000] {processor.py:186} INFO - Started process (PID=1040) to work on /opt/airflow/dags/earthquake_etl.py
[2026-04-06T15:16:52.715+0000] {processor.py:914} INFO - Processing file /opt/airflow/dags/earthquake_etl.py for tasks to queue
[2026-04-06T15:16:52.718+0000] {logging_mixin.py:190} INFO - [2026-04-06T15:16:52.718+0000] {dagbag.py:588} INFO - Filling up the DagBag from /opt/airflow/dags/earthquake_etl.py
[2026-04-06T15:16:52.722+0000] {processor.py:927} WARNING - No viable dags retrieved from /opt/airflow/dags/earthquake_etl.py
[2026-04-06T15:16:52.739+0000] {processor.py:208} INFO - Processing /opt/airflow/dags/earthquake_etl.py took 0.036 seconds
[2026-04-06T15:17:23.297+0000] {processor.py:186} INFO - Started process (PID=1047) to work on /opt/airflow/dags/earthquake_etl.py
[2026-04-06T15:17:23.299+0000] {processor.py:914} INFO - Processing file /opt/airflow/dags/earthquake_etl.py for tasks to queue
[2026-04-06T15:17:23.302+0000] {logging_mixin.py:190} INFO - [2026-04-06T15:17:23.302+0000] {dagbag.py:588} INFO - Filling up the DagBag from /opt/airflow/dags/earthquake_etl.py
[2026-04-06T15:17:23.309+0000] {processor.py:927} WARNING - No viable dags retrieved from /opt/airflow/dags/earthquake_etl.py
[2026-04-06T15:17:23.329+0000] {processor.py:208} INFO - Processing /opt/airflow/dags/earthquake_etl.py took 0.044 seconds
[2026-04-06T15:17:54.020+0000] {processor.py:186} INFO - Started process (PID=1054) to work on /opt/airflow/dags/earthquake_etl.py
[2026-04-06T15:17:54.024+0000] {processor.py:914} INFO - Processing file /opt/airflow/dags/earthquake_etl.py for tasks to queue
[2026-04-06T15:17:54.029+0000] {logging_mixin.py:190} INFO - [2026-04-06T15:17:54.028+0000] {dagbag.py:588} INFO - Filling up the DagBag from /opt/airflow/dags/earthquake_etl.py
[2026-04-06T15:17:54.032+0000] {processor.py:927} WARNING - No viable dags retrieved from /opt/airflow/dags/earthquake_etl.py
[2026-04-06T15:17:54.057+0000] {processor.py:208} INFO - Processing /opt/airflow/dags/earthquake_etl.py took 0.050 seconds
[2026-04-06T15:18:24.507+0000] {processor.py:186} INFO - Started process (PID=1061) to work on /opt/airflow/dags/earthquake_etl.py
[2026-04-06T15:18:24.510+0000] {processor.py:914} INFO - Processing file /opt/airflow/dags/earthquake_etl.py for tasks to queue
[2026-04-06T15:18:24.519+0000] {logging_mixin.py:190} INFO - [2026-04-06T15:18:24.518+0000] {dagbag.py:588} INFO - Filling up the DagBag from /opt/airflow/dags/earthquake_etl.py
[2026-04-06T15:18:24.525+0000] {processor.py:927} WARNING - No viable dags retrieved from /opt/airflow/dags/earthquake_etl.py
[2026-04-06T15:18:24.550+0000] {processor.py:208} INFO - Processing /opt/airflow/dags/earthquake_etl.py took 0.070 seconds
[2026-04-06T15:18:55.075+0000] {processor.py:186} INFO - Started process (PID=1068) to work on /opt/airflow/dags/earthquake_etl.py
[2026-04-06T15:18:55.078+0000] {processor.py:914} INFO - Processing file /opt/airflow/dags/earthquake_etl.py for tasks to queue
[2026-04-06T15:18:55.087+0000] {logging_mixin.py:190} INFO - [2026-04-06T15:18:55.086+0000] {dagbag.py:588} INFO - Filling up the DagBag from /opt/airflow/dags/earthquake_etl.py
[2026-04-06T15:18:55.093+0000] {processor.py:927} WARNING - No viable dags retrieved from /opt/airflow/dags/earthquake_etl.py
[2026-04-06T15:18:55.203+0000] {processor.py:208} INFO - Processing /opt/airflow/dags/earthquake_etl.py took 0.154 seconds
[2026-04-06T15:19:25.981+0000] {processor.py:186} INFO - Started process (PID=1075) to work on /opt/airflow/dags/earthquake_etl.py
[2026-04-06T15:19:25.986+0000] {processor.py:914} INFO - Processing file /opt/airflow/dags/earthquake_etl.py for tasks to queue
[2026-04-06T15:19:25.996+0000] {logging_mixin.py:190} INFO - [2026-04-06T15:19:25.995+0000] {dagbag.py:588} INFO - Filling up the DagBag from /opt/airflow/dags/earthquake_etl.py
[2026-04-06T15:19:26.005+0000] {processor.py:927} WARNING - No viable dags retrieved from /opt/airflow/dags/earthquake_etl.py
[2026-04-06T15:19:26.031+0000] {processor.py:208} INFO - Processing /opt/airflow/dags/earthquake_etl.py took 0.073 seconds
[2026-04-06T15:19:56.499+0000] {processor.py:186} INFO - Started process (PID=1082) to work on /opt/airflow/dags/earthquake_etl.py
[2026-04-06T15:19:56.501+0000] {processor.py:914} INFO - Processing file /opt/airflow/dags/earthquake_etl.py for tasks to queue
[2026-04-06T15:19:56.509+0000] {logging_mixin.py:190} INFO - [2026-04-06T15:19:56.509+0000] {dagbag.py:588} INFO - Filling up the DagBag from /opt/airflow/dags/earthquake_etl.py
[2026-04-06T15:19:56.513+0000] {processor.py:927} WARNING - No viable dags retrieved from /opt/airflow/dags/earthquake_etl.py
[2026-04-06T15:19:56.533+0000] {processor.py:208} INFO - Processing /opt/airflow/dags/earthquake_etl.py took 0.042 seconds
[2026-04-06T15:20:27.075+0000] {processor.py:186} INFO - Started process (PID=1089) to work on /opt/airflow/dags/earthquake_etl.py
[2026-04-06T15:20:27.076+0000] {processor.py:914} INFO - Processing file /opt/airflow/dags/earthquake_etl.py for tasks to queue
[2026-04-06T15:20:27.082+0000] {logging_mixin.py:190} INFO - [2026-04-06T15:20:27.081+0000] {dagbag.py:588} INFO - Filling up the DagBag from /opt/airflow/dags/earthquake_etl.py
[2026-04-06T15:20:27.087+0000] {processor.py:927} WARNING - No viable dags retrieved from /opt/airflow/dags/earthquake_etl.py
[2026-04-06T15:20:27.146+0000] {processor.py:208} INFO - Processing /opt/airflow/dags/earthquake_etl.py took 0.086 seconds
[2026-04-06T15:20:57.750+0000] {processor.py:186} INFO - Started process (PID=1096) to work on /opt/airflow/dags/earthquake_etl.py
[2026-04-06T15:20:57.757+0000] {processor.py:914} INFO - Processing file /opt/airflow/dags/earthquake_etl.py for tasks to queue
[2026-04-06T15:20:57.765+0000] {logging_mixin.py:190} INFO - [2026-04-06T15:20:57.764+0000] {dagbag.py:588} INFO - Filling up the DagBag from /opt/airflow/dags/earthquake_etl.py
[2026-04-06T15:20:57.780+0000] {processor.py:927} WARNING - No viable dags retrieved from /opt/airflow/dags/earthquake_etl.py
[2026-04-06T15:20:57.814+0000] {processor.py:208} INFO - Processing /opt/airflow/dags/earthquake_etl.py took 0.109 seconds
[2026-04-06T15:21:28.195+0000] {processor.py:186} INFO - Started process (PID=1103) to work on /opt/airflow/dags/earthquake_etl.py
[2026-04-06T15:21:28.197+0000] {processor.py:914} INFO - Processing file /opt/airflow/dags/earthquake_etl.py for tasks to queue
[2026-04-06T15:21:28.200+0000] {logging_mixin.py:190} INFO - [2026-04-06T15:21:28.200+0000] {dagbag.py:588} INFO - Filling up the DagBag from /opt/airflow/dags/earthquake_etl.py
[2026-04-06T15:21:28.204+0000] {processor.py:927} WARNING - No viable dags retrieved from /opt/airflow/dags/earthquake_etl.py
[2026-04-06T15:21:28.225+0000] {processor.py:208} INFO - Processing /opt/airflow/dags/earthquake_etl.py took 0.040 seconds
[2026-04-06T15:21:58.576+0000] {processor.py:186} INFO - Started process (PID=1110) to work on /opt/airflow/dags/earthquake_etl.py
[2026-04-06T15:21:58.578+0000] {processor.py:914} INFO - Processing file /opt/airflow/dags/earthquake_etl.py for tasks to queue
[2026-04-06T15:21:58.582+0000] {logging_mixin.py:190} INFO - [2026-04-06T15:21:58.582+0000] {dagbag.py:588} INFO - Filling up the DagBag from /opt/airflow/dags/earthquake_etl.py
[2026-04-06T15:21:58.586+0000] {processor.py:927} WARNING - No viable dags retrieved from /opt/airflow/dags/earthquake_etl.py
[2026-04-06T15:21:58.604+0000] {processor.py:208} INFO - Processing /opt/airflow/dags/earthquake_etl.py took 0.041 seconds
[2026-04-06T15:22:29.026+0000] {processor.py:186} INFO - Started process (PID=1117) to work on /opt/airflow/dags/earthquake_etl.py
[2026-04-06T15:22:29.028+0000] {processor.py:914} INFO - Processing file /opt/airflow/dags/earthquake_etl.py for tasks to queue
[2026-04-06T15:22:29.032+0000] {logging_mixin.py:190} INFO - [2026-04-06T15:22:29.032+0000] {dagbag.py:588} INFO - Filling up the DagBag from /opt/airflow/dags/earthquake_etl.py
[2026-04-06T15:22:29.039+0000] {processor.py:927} WARNING - No viable dags retrieved from /opt/airflow/dags/earthquake_etl.py
[2026-04-06T15:22:29.063+0000] {processor.py:208} INFO - Processing /opt/airflow/dags/earthquake_etl.py took 0.053 seconds
[2026-04-06T15:22:59.519+0000] {processor.py:186} INFO - Started process (PID=1124) to work on /opt/airflow/dags/earthquake_etl.py
[2026-04-06T15:22:59.520+0000] {processor.py:914} INFO - Processing file /opt/airflow/dags/earthquake_etl.py for tasks to queue
[2026-04-06T15:22:59.523+0000] {logging_mixin.py:190} INFO - [2026-04-06T15:22:59.523+0000] {dagbag.py:588} INFO - Filling up the DagBag from /opt/airflow/dags/earthquake_etl.py
[2026-04-06T15:22:59.528+0000] {processor.py:927} WARNING - No viable dags retrieved from /opt/airflow/dags/earthquake_etl.py
[2026-04-06T15:22:59.544+0000] {processor.py:208} INFO - Processing /opt/airflow/dags/earthquake_etl.py took 0.034 seconds
[2026-04-06T15:23:30.019+0000] {processor.py:186} INFO - Started process (PID=1131) to work on /opt/airflow/dags/earthquake_etl.py
[2026-04-06T15:23:30.021+0000] {processor.py:914} INFO - Processing file /opt/airflow/dags/earthquake_etl.py for tasks to queue
[2026-04-06T15:23:30.028+0000] {logging_mixin.py:190} INFO - [2026-04-06T15:23:30.027+0000] {dagbag.py:588} INFO - Filling up the DagBag from /opt/airflow/dags/earthquake_etl.py
[2026-04-06T15:23:30.035+0000] {processor.py:927} WARNING - No viable dags retrieved from /opt/airflow/dags/earthquake_etl.py
[2026-04-06T15:23:30.054+0000] {processor.py:208} INFO - Processing /opt/airflow/dags/earthquake_etl.py took 0.047 seconds
[2026-04-06T15:24:00.603+0000] {processor.py:186} INFO - Started process (PID=1138) to work on /opt/airflow/dags/earthquake_etl.py
[2026-04-06T15:24:00.605+0000] {processor.py:914} INFO - Processing file /opt/airflow/dags/earthquake_etl.py for tasks to queue
[2026-04-06T15:24:00.619+0000] {logging_mixin.py:190} INFO - [2026-04-06T15:24:00.618+0000] {dagbag.py:588} INFO - Filling up the DagBag from /opt/airflow/dags/earthquake_etl.py
[2026-04-06T15:24:00.629+0000] {processor.py:927} WARNING - No viable dags retrieved from /opt/airflow/dags/earthquake_etl.py
[2026-04-06T15:24:00.662+0000] {processor.py:208} INFO - Processing /opt/airflow/dags/earthquake_etl.py took 0.083 seconds
[2026-04-06T15:24:31.450+0000] {processor.py:186} INFO - Started process (PID=1145) to work on /opt/airflow/dags/earthquake_etl.py
[2026-04-06T15:24:31.458+0000] {processor.py:914} INFO - Processing file /opt/airflow/dags/earthquake_etl.py for tasks to queue
[2026-04-06T15:24:31.506+0000] {logging_mixin.py:190} INFO - [2026-04-06T15:24:31.500+0000] {dagbag.py:588} INFO - Filling up the DagBag from /opt/airflow/dags/earthquake_etl.py
[2026-04-06T15:24:31.528+0000] {processor.py:927} WARNING - No viable dags retrieved from /opt/airflow/dags/earthquake_etl.py
[2026-04-06T15:24:31.602+0000] {processor.py:208} INFO - Processing /opt/airflow/dags/earthquake_etl.py took 0.192 seconds
[2026-04-06T15:25:02.188+0000] {processor.py:186} INFO - Started process (PID=1152) to work on /opt/airflow/dags/earthquake_etl.py
[2026-04-06T15:25:02.190+0000] {processor.py:914} INFO - Processing file /opt/airflow/dags/earthquake_etl.py for tasks to queue
[2026-04-06T15:25:02.195+0000] {logging_mixin.py:190} INFO - [2026-04-06T15:25:02.194+0000] {dagbag.py:588} INFO - Filling up the DagBag from /opt/airflow/dags/earthquake_etl.py
[2026-04-06T15:25:02.200+0000] {processor.py:927} WARNING - No viable dags retrieved from /opt/airflow/dags/earthquake_etl.py
[2026-04-06T15:25:02.218+0000] {processor.py:208} INFO - Processing /opt/airflow/dags/earthquake_etl.py took 0.040 seconds
[2026-04-06T15:25:32.804+0000] {processor.py:186} INFO - Started process (PID=1159) to work on /opt/airflow/dags/earthquake_etl.py
[2026-04-06T15:25:32.807+0000] {processor.py:914} INFO - Processing file /opt/airflow/dags/earthquake_etl.py for tasks to queue
[2026-04-06T15:25:32.818+0000] {logging_mixin.py:190} INFO - [2026-04-06T15:25:32.813+0000] {dagbag.py:588} INFO - Filling up the DagBag from /opt/airflow/dags/earthquake_etl.py
[2026-04-06T15:25:32.824+0000] {processor.py:927} WARNING - No viable dags retrieved from /opt/airflow/dags/earthquake_etl.py
[2026-04-06T15:25:32.871+0000] {processor.py:208} INFO - Processing /opt/airflow/dags/earthquake_etl.py took 0.091 seconds
[2026-04-06T15:26:03.256+0000] {processor.py:186} INFO - Started process (PID=1166) to work on /opt/airflow/dags/earthquake_etl.py
[2026-04-06T15:26:03.258+0000] {processor.py:914} INFO - Processing file /opt/airflow/dags/earthquake_etl.py for tasks to queue
[2026-04-06T15:26:03.266+0000] {logging_mixin.py:190} INFO - [2026-04-06T15:26:03.265+0000] {dagbag.py:588} INFO - Filling up the DagBag from /opt/airflow/dags/earthquake_etl.py
[2026-04-06T15:26:03.272+0000] {processor.py:927} WARNING - No viable dags retrieved from /opt/airflow/dags/earthquake_etl.py
[2026-04-06T15:26:03.290+0000] {processor.py:208} INFO - Processing /opt/airflow/dags/earthquake_etl.py took 0.047 seconds
[2026-04-06T15:26:33.825+0000] {processor.py:186} INFO - Started process (PID=1173) to work on /opt/airflow/dags/earthquake_etl.py
[2026-04-06T15:26:33.826+0000] {processor.py:914} INFO - Processing file /opt/airflow/dags/earthquake_etl.py for tasks to queue
[2026-04-06T15:26:33.832+0000] {logging_mixin.py:190} INFO - [2026-04-06T15:26:33.830+0000] {dagbag.py:588} INFO - Filling up the DagBag from /opt/airflow/dags/earthquake_etl.py
[2026-04-06T15:26:33.835+0000] {processor.py:927} WARNING - No viable dags retrieved from /opt/airflow/dags/earthquake_etl.py
[2026-04-06T15:26:33.850+0000] {processor.py:208} INFO - Processing /opt/airflow/dags/earthquake_etl.py took 0.043 seconds
[2026-04-06T15:27:04.461+0000] {processor.py:186} INFO - Started process (PID=1180) to work on /opt/airflow/dags/earthquake_etl.py
[2026-04-06T15:27:04.464+0000] {processor.py:914} INFO - Processing file /opt/airflow/dags/earthquake_etl.py for tasks to queue
[2026-04-06T15:27:04.471+0000] {logging_mixin.py:190} INFO - [2026-04-06T15:27:04.471+0000] {dagbag.py:588} INFO - Filling up the DagBag from /opt/airflow/dags/earthquake_etl.py
[2026-04-06T15:27:04.480+0000] {processor.py:927} WARNING - No viable dags retrieved from /opt/airflow/dags/earthquake_etl.py
[2026-04-06T15:27:04.522+0000] {processor.py:208} INFO - Processing /opt/airflow/dags/earthquake_etl.py took 0.096 seconds
[2026-04-06T15:27:35.194+0000] {processor.py:186} INFO - Started process (PID=1187) to work on /opt/airflow/dags/earthquake_etl.py
[2026-04-06T15:27:35.196+0000] {processor.py:914} INFO - Processing file /opt/airflow/dags/earthquake_etl.py for tasks to queue
[2026-04-06T15:27:35.202+0000] {logging_mixin.py:190} INFO - [2026-04-06T15:27:35.201+0000] {dagbag.py:588} INFO - Filling up the DagBag from /opt/airflow/dags/earthquake_etl.py
[2026-04-06T15:27:35.208+0000] {processor.py:927} WARNING - No viable dags retrieved from /opt/airflow/dags/earthquake_etl.py
[2026-04-06T15:27:35.230+0000] {processor.py:208} INFO - Processing /opt/airflow/dags/earthquake_etl.py took 0.052 seconds
[2026-04-06T15:28:05.743+0000] {processor.py:186} INFO - Started process (PID=1194) to work on /opt/airflow/dags/earthquake_etl.py
[2026-04-06T15:28:05.745+0000] {processor.py:914} INFO - Processing file /opt/airflow/dags/earthquake_etl.py for tasks to queue
[2026-04-06T15:28:05.754+0000] {logging_mixin.py:190} INFO - [2026-04-06T15:28:05.753+0000] {dagbag.py:588} INFO - Filling up the DagBag from /opt/airflow/dags/earthquake_etl.py
[2026-04-06T15:28:05.758+0000] {processor.py:927} WARNING - No viable dags retrieved from /opt/airflow/dags/earthquake_etl.py
[2026-04-06T15:28:05.781+0000] {processor.py:208} INFO - Processing /opt/airflow/dags/earthquake_etl.py took 0.049 seconds
[2026-04-06T15:28:36.421+0000] {processor.py:186} INFO - Started process (PID=1201) to work on /opt/airflow/dags/earthquake_etl.py
[2026-04-06T15:28:36.423+0000] {processor.py:914} INFO - Processing file /opt/airflow/dags/earthquake_etl.py for tasks to queue
[2026-04-06T15:28:36.427+0000] {logging_mixin.py:190} INFO - [2026-04-06T15:28:36.426+0000] {dagbag.py:588} INFO - Filling up the DagBag from /opt/airflow/dags/earthquake_etl.py
[2026-04-06T15:28:36.431+0000] {processor.py:927} WARNING - No viable dags retrieved from /opt/airflow/dags/earthquake_etl.py
[2026-04-06T15:28:36.462+0000] {processor.py:208} INFO - Processing /opt/airflow/dags/earthquake_etl.py took 0.056 seconds
[2026-04-06T15:29:07.601+0000] {processor.py:186} INFO - Started process (PID=1208) to work on /opt/airflow/dags/earthquake_etl.py
[2026-04-06T15:29:07.612+0000] {processor.py:914} INFO - Processing file /opt/airflow/dags/earthquake_etl.py for tasks to queue
[2026-04-06T15:29:07.628+0000] {logging_mixin.py:190} INFO - [2026-04-06T15:29:07.627+0000] {dagbag.py:588} INFO - Filling up the DagBag from /opt/airflow/dags/earthquake_etl.py
[2026-04-06T15:29:07.650+0000] {processor.py:927} WARNING - No viable dags retrieved from /opt/airflow/dags/earthquake_etl.py
[2026-04-06T15:29:07.747+0000] {processor.py:208} INFO - Processing /opt/airflow/dags/earthquake_etl.py took 0.224 seconds
[2026-04-06T15:29:37.959+0000] {processor.py:186} INFO - Started process (PID=1221) to work on /opt/airflow/dags/earthquake_etl.py
[2026-04-06T15:29:37.961+0000] {processor.py:914} INFO - Processing file /opt/airflow/dags/earthquake_etl.py for tasks to queue
[2026-04-06T15:29:37.965+0000] {logging_mixin.py:190} INFO - [2026-04-06T15:29:37.964+0000] {dagbag.py:588} INFO - Filling up the DagBag from /opt/airflow/dags/earthquake_etl.py
[2026-04-06T15:29:37.968+0000] {processor.py:927} WARNING - No viable dags retrieved from /opt/airflow/dags/earthquake_etl.py
[2026-04-06T15:29:37.985+0000] {processor.py:208} INFO - Processing /opt/airflow/dags/earthquake_etl.py took 0.042 seconds
[2026-04-06T15:30:08.714+0000] {processor.py:186} INFO - Started process (PID=1228) to work on /opt/airflow/dags/earthquake_etl.py
[2026-04-06T15:30:08.715+0000] {processor.py:914} INFO - Processing file /opt/airflow/dags/earthquake_etl.py for tasks to queue
[2026-04-06T15:30:08.721+0000] {logging_mixin.py:190} INFO - [2026-04-06T15:30:08.720+0000] {dagbag.py:588} INFO - Filling up the DagBag from /opt/airflow/dags/earthquake_etl.py
[2026-04-06T15:30:08.725+0000] {processor.py:927} WARNING - No viable dags retrieved from /opt/airflow/dags/earthquake_etl.py
[2026-04-06T15:30:08.751+0000] {processor.py:208} INFO - Processing /opt/airflow/dags/earthquake_etl.py took 0.048 seconds
[2026-04-06T15:30:39.337+0000] {processor.py:186} INFO - Started process (PID=1235) to work on /opt/airflow/dags/earthquake_etl.py
[2026-04-06T15:30:39.339+0000] {processor.py:914} INFO - Processing file /opt/airflow/dags/earthquake_etl.py for tasks to queue
[2026-04-06T15:30:39.348+0000] {logging_mixin.py:190} INFO - [2026-04-06T15:30:39.347+0000] {dagbag.py:588} INFO - Filling up the DagBag from /opt/airflow/dags/earthquake_etl.py
[2026-04-06T15:30:39.352+0000] {processor.py:927} WARNING - No viable dags retrieved from /opt/airflow/dags/earthquake_etl.py
[2026-04-06T15:30:39.391+0000] {processor.py:208} INFO - Processing /opt/airflow/dags/earthquake_etl.py took 0.064 seconds
[2026-04-06T15:31:09.889+0000] {processor.py:186} INFO - Started process (PID=1242) to work on /opt/airflow/dags/earthquake_etl.py
[2026-04-06T15:31:09.891+0000] {processor.py:914} INFO - Processing file /opt/airflow/dags/earthquake_etl.py for tasks to queue
[2026-04-06T15:31:09.897+0000] {logging_mixin.py:190} INFO - [2026-04-06T15:31:09.897+0000] {dagbag.py:588} INFO - Filling up the DagBag from /opt/airflow/dags/earthquake_etl.py
[2026-04-06T15:31:09.901+0000] {processor.py:927} WARNING - No viable dags retrieved from /opt/airflow/dags/earthquake_etl.py
[2026-04-06T15:31:09.930+0000] {processor.py:208} INFO - Processing /opt/airflow/dags/earthquake_etl.py took 0.051 seconds
[2026-04-06T15:31:40.562+0000] {processor.py:186} INFO - Started process (PID=1249) to work on /opt/airflow/dags/earthquake_etl.py
[2026-04-06T15:31:40.564+0000] {processor.py:914} INFO - Processing file /opt/airflow/dags/earthquake_etl.py for tasks to queue
[2026-04-06T15:31:40.574+0000] {logging_mixin.py:190} INFO - [2026-04-06T15:31:40.573+0000] {dagbag.py:588} INFO - Filling up the DagBag from /opt/airflow/dags/earthquake_etl.py
[2026-04-06T15:31:40.581+0000] {processor.py:927} WARNING - No viable dags retrieved from /opt/airflow/dags/earthquake_etl.py
[2026-04-06T15:31:40.606+0000] {processor.py:208} INFO - Processing /opt/airflow/dags/earthquake_etl.py took 0.057 seconds
[2026-04-06T15:32:11.223+0000] {processor.py:186} INFO - Started process (PID=1256) to work on /opt/airflow/dags/earthquake_etl.py
[2026-04-06T15:32:11.225+0000] {processor.py:914} INFO - Processing file /opt/airflow/dags/earthquake_etl.py for tasks to queue
[2026-04-06T15:32:11.232+0000] {logging_mixin.py:190} INFO - [2026-04-06T15:32:11.232+0000] {dagbag.py:588} INFO - Filling up the DagBag from /opt/airflow/dags/earthquake_etl.py
[2026-04-06T15:32:11.237+0000] {processor.py:927} WARNING - No viable dags retrieved from /opt/airflow/dags/earthquake_etl.py
[2026-04-06T15:32:11.266+0000] {processor.py:208} INFO - Processing /opt/airflow/dags/earthquake_etl.py took 0.055 seconds
[2026-04-06T15:32:41.685+0000] {processor.py:186} INFO - Started process (PID=1263) to work on /opt/airflow/dags/earthquake_etl.py
[2026-04-06T15:32:41.687+0000] {processor.py:914} INFO - Processing file /opt/airflow/dags/earthquake_etl.py for tasks to queue
[2026-04-06T15:32:41.691+0000] {logging_mixin.py:190} INFO - [2026-04-06T15:32:41.690+0000] {dagbag.py:588} INFO - Filling up the DagBag from /opt/airflow/dags/earthquake_etl.py
[2026-04-06T15:32:41.695+0000] {processor.py:927} WARNING - No viable dags retrieved from /opt/airflow/dags/earthquake_etl.py
[2026-04-06T15:32:41.715+0000] {processor.py:208} INFO - Processing /opt/airflow/dags/earthquake_etl.py took 0.043 seconds
[2026-04-06T15:33:12.253+0000] {processor.py:186} INFO - Started process (PID=1269) to work on /opt/airflow/dags/earthquake_etl.py
[2026-04-06T15:33:12.255+0000] {processor.py:914} INFO - Processing file /opt/airflow/dags/earthquake_etl.py for tasks to queue
[2026-04-06T15:33:12.259+0000] {logging_mixin.py:190} INFO - [2026-04-06T15:33:12.259+0000] {dagbag.py:588} INFO - Filling up the DagBag from /opt/airflow/dags/earthquake_etl.py
[2026-04-06T15:33:12.263+0000] {processor.py:927} WARNING - No viable dags retrieved from /opt/airflow/dags/earthquake_etl.py
[2026-04-06T15:33:12.285+0000] {processor.py:208} INFO - Processing /opt/airflow/dags/earthquake_etl.py took 0.041 seconds
[2026-04-06T15:33:42.897+0000] {processor.py:186} INFO - Started process (PID=1276) to work on /opt/airflow/dags/earthquake_etl.py
[2026-04-06T15:33:42.900+0000] {processor.py:914} INFO - Processing file /opt/airflow/dags/earthquake_etl.py for tasks to queue
[2026-04-06T15:33:42.905+0000] {logging_mixin.py:190} INFO - [2026-04-06T15:33:42.904+0000] {dagbag.py:588} INFO - Filling up the DagBag from /opt/airflow/dags/earthquake_etl.py
[2026-04-06T15:33:42.910+0000] {processor.py:927} WARNING - No viable dags retrieved from /opt/airflow/dags/earthquake_etl.py
[2026-04-06T15:33:42.931+0000] {processor.py:208} INFO - Processing /opt/airflow/dags/earthquake_etl.py took 0.045 seconds
[2026-04-06T15:34:13.522+0000] {processor.py:186} INFO - Started process (PID=1283) to work on /opt/airflow/dags/earthquake_etl.py
[2026-04-06T15:34:13.523+0000] {processor.py:914} INFO - Processing file /opt/airflow/dags/earthquake_etl.py for tasks to queue
[2026-04-06T15:34:13.527+0000] {logging_mixin.py:190} INFO - [2026-04-06T15:34:13.526+0000] {dagbag.py:588} INFO - Filling up the DagBag from /opt/airflow/dags/earthquake_etl.py
[2026-04-06T15:34:13.536+0000] {processor.py:927} WARNING - No viable dags retrieved from /opt/airflow/dags/earthquake_etl.py
[2026-04-06T15:34:13.559+0000] {processor.py:208} INFO - Processing /opt/airflow/dags/earthquake_etl.py took 0.048 seconds
[2026-04-06T15:34:43.980+0000] {processor.py:186} INFO - Started process (PID=1290) to work on /opt/airflow/dags/earthquake_etl.py
[2026-04-06T15:34:43.982+0000] {processor.py:914} INFO - Processing file /opt/airflow/dags/earthquake_etl.py for tasks to queue
[2026-04-06T15:34:43.988+0000] {logging_mixin.py:190} INFO - [2026-04-06T15:34:43.986+0000] {dagbag.py:588} INFO - Filling up the DagBag from /opt/airflow/dags/earthquake_etl.py
[2026-04-06T15:34:44.001+0000] {processor.py:927} WARNING - No viable dags retrieved from /opt/airflow/dags/earthquake_etl.py
[2026-04-06T15:34:44.045+0000] {processor.py:208} INFO - Processing /opt/airflow/dags/earthquake_etl.py took 0.078 seconds
[2026-04-06T15:35:14.445+0000] {processor.py:186} INFO - Started process (PID=1297) to work on /opt/airflow/dags/earthquake_etl.py
[2026-04-06T15:35:14.449+0000] {processor.py:914} INFO - Processing file /opt/airflow/dags/earthquake_etl.py for tasks to queue
[2026-04-06T15:35:14.490+0000] {logging_mixin.py:190} INFO - [2026-04-06T15:35:14.480+0000] {dagbag.py:588} INFO - Filling up the DagBag from /opt/airflow/dags/earthquake_etl.py
[2026-04-06T15:35:14.567+0000] {processor.py:927} WARNING - No viable dags retrieved from /opt/airflow/dags/earthquake_etl.py
[2026-04-06T15:35:16.096+0000] {processor.py:208} INFO - Processing /opt/airflow/dags/earthquake_etl.py took 1.703 seconds
[2026-04-06T15:35:47.032+0000] {processor.py:186} INFO - Started process (PID=1304) to work on /opt/airflow/dags/earthquake_etl.py
[2026-04-06T15:35:47.035+0000] {processor.py:914} INFO - Processing file /opt/airflow/dags/earthquake_etl.py for tasks to queue
[2026-04-06T15:35:47.049+0000] {logging_mixin.py:190} INFO - [2026-04-06T15:35:47.045+0000] {dagbag.py:588} INFO - Filling up the DagBag from /opt/airflow/dags/earthquake_etl.py
[2026-04-06T15:35:47.056+0000] {processor.py:927} WARNING - No viable dags retrieved from /opt/airflow/dags/earthquake_etl.py
[2026-04-06T15:35:47.102+0000] {processor.py:208} INFO - Processing /opt/airflow/dags/earthquake_etl.py took 0.095 seconds
[2026-04-06T15:36:17.753+0000] {processor.py:186} INFO - Started process (PID=1311) to work on /opt/airflow/dags/earthquake_etl.py
[2026-04-06T15:36:17.755+0000] {processor.py:914} INFO - Processing file /opt/airflow/dags/earthquake_etl.py for tasks to queue
[2026-04-06T15:36:17.762+0000] {logging_mixin.py:190} INFO - [2026-04-06T15:36:17.761+0000] {dagbag.py:588} INFO - Filling up the DagBag from /opt/airflow/dags/earthquake_etl.py
[2026-04-06T15:36:17.768+0000] {processor.py:927} WARNING - No viable dags retrieved from /opt/airflow/dags/earthquake_etl.py
[2026-04-06T15:36:17.792+0000] {processor.py:208} INFO - Processing /opt/airflow/dags/earthquake_etl.py took 0.051 seconds
[2026-04-06T15:36:48.324+0000] {processor.py:186} INFO - Started process (PID=1318) to work on /opt/airflow/dags/earthquake_etl.py
[2026-04-06T15:36:48.325+0000] {processor.py:914} INFO - Processing file /opt/airflow/dags/earthquake_etl.py for tasks to queue
[2026-04-06T15:36:48.330+0000] {logging_mixin.py:190} INFO - [2026-04-06T15:36:48.329+0000] {dagbag.py:588} INFO - Filling up the DagBag from /opt/airflow/dags/earthquake_etl.py
[2026-04-06T15:36:48.339+0000] {processor.py:927} WARNING - No viable dags retrieved from /opt/airflow/dags/earthquake_etl.py
[2026-04-06T15:36:48.376+0000] {processor.py:208} INFO - Processing /opt/airflow/dags/earthquake_etl.py took 0.067 seconds
[2026-04-06T15:37:19.042+0000] {processor.py:186} INFO - Started process (PID=1325) to work on /opt/airflow/dags/earthquake_etl.py
[2026-04-06T15:37:19.044+0000] {processor.py:914} INFO - Processing file /opt/airflow/dags/earthquake_etl.py for tasks to queue
[2026-04-06T15:37:19.052+0000] {logging_mixin.py:190} INFO - [2026-04-06T15:37:19.051+0000] {dagbag.py:588} INFO - Filling up the DagBag from /opt/airflow/dags/earthquake_etl.py
[2026-04-06T15:37:19.060+0000] {processor.py:927} WARNING - No viable dags retrieved from /opt/airflow/dags/earthquake_etl.py
[2026-04-06T15:37:19.091+0000] {processor.py:208} INFO - Processing /opt/airflow/dags/earthquake_etl.py took 0.069 seconds
[2026-04-06T15:37:49.945+0000] {processor.py:186} INFO - Started process (PID=1332) to work on /opt/airflow/dags/earthquake_etl.py
[2026-04-06T15:37:49.948+0000] {processor.py:914} INFO - Processing file /opt/airflow/dags/earthquake_etl.py for tasks to queue
[2026-04-06T15:37:49.961+0000] {logging_mixin.py:190} INFO - [2026-04-06T15:37:49.959+0000] {dagbag.py:588} INFO - Filling up the DagBag from /opt/airflow/dags/earthquake_etl.py
[2026-04-06T15:37:49.971+0000] {processor.py:927} WARNING - No viable dags retrieved from /opt/airflow/dags/earthquake_etl.py
[2026-04-06T15:37:50.017+0000] {processor.py:208} INFO - Processing /opt/airflow/dags/earthquake_etl.py took 0.097 seconds
[2026-04-06T15:38:20.404+0000] {processor.py:186} INFO - Started process (PID=1339) to work on /opt/airflow/dags/earthquake_etl.py
[2026-04-06T15:38:20.407+0000] {processor.py:914} INFO - Processing file /opt/airflow/dags/earthquake_etl.py for tasks to queue
[2026-04-06T15:38:20.417+0000] {logging_mixin.py:190} INFO - [2026-04-06T15:38:20.416+0000] {dagbag.py:588} INFO - Filling up the DagBag from /opt/airflow/dags/earthquake_etl.py
[2026-04-06T15:38:20.428+0000] {processor.py:927} WARNING - No viable dags retrieved from /opt/airflow/dags/earthquake_etl.py
[2026-04-06T15:38:20.471+0000] {processor.py:208} INFO - Processing /opt/airflow/dags/earthquake_etl.py took 0.101 seconds
[2026-04-06T15:38:26.493+0000] {processor.py:186} INFO - Started process (PID=1340) to work on /opt/airflow/dags/earthquake_etl.py
[2026-04-06T15:38:26.495+0000] {processor.py:914} INFO - Processing file /opt/airflow/dags/earthquake_etl.py for tasks to queue
[2026-04-06T15:38:26.500+0000] {logging_mixin.py:190} INFO - [2026-04-06T15:38:26.499+0000] {dagbag.py:588} INFO - Filling up the DagBag from /opt/airflow/dags/earthquake_etl.py
[2026-04-06T15:38:26.505+0000] {processor.py:927} WARNING - No viable dags retrieved from /opt/airflow/dags/earthquake_etl.py
[2026-04-06T15:38:26.536+0000] {processor.py:208} INFO - Processing /opt/airflow/dags/earthquake_etl.py took 0.055 seconds
[2026-04-06T15:38:56.409+0000] {processor.py:186} INFO - Started process (PID=1347) to work on /opt/airflow/dags/earthquake_etl.py
[2026-04-06T15:38:56.418+0000] {processor.py:914} INFO - Processing file /opt/airflow/dags/earthquake_etl.py for tasks to queue
[2026-04-06T15:38:56.451+0000] {logging_mixin.py:190} INFO - [2026-04-06T15:38:56.444+0000] {dagbag.py:588} INFO - Filling up the DagBag from /opt/airflow/dags/earthquake_etl.py
[2026-04-06T15:38:56.488+0000] {processor.py:927} WARNING - No viable dags retrieved from /opt/airflow/dags/earthquake_etl.py
[2026-04-06T15:38:56.572+0000] {processor.py:208} INFO - Processing /opt/airflow/dags/earthquake_etl.py took 0.240 seconds
[2026-04-06T15:39:27.017+0000] {processor.py:186} INFO - Started process (PID=1354) to work on /opt/airflow/dags/earthquake_etl.py
[2026-04-06T15:39:27.019+0000] {processor.py:914} INFO - Processing file /opt/airflow/dags/earthquake_etl.py for tasks to queue
[2026-04-06T15:39:27.027+0000] {logging_mixin.py:190} INFO - [2026-04-06T15:39:27.025+0000] {dagbag.py:588} INFO - Filling up the DagBag from /opt/airflow/dags/earthquake_etl.py
[2026-04-06T15:39:27.036+0000] {processor.py:927} WARNING - No viable dags retrieved from /opt/airflow/dags/earthquake_etl.py
[2026-04-06T15:39:27.068+0000] {processor.py:208} INFO - Processing /opt/airflow/dags/earthquake_etl.py took 0.067 seconds
[2026-04-06T15:39:57.712+0000] {processor.py:186} INFO - Started process (PID=1361) to work on /opt/airflow/dags/earthquake_etl.py
[2026-04-06T15:39:57.713+0000] {processor.py:914} INFO - Processing file /opt/airflow/dags/earthquake_etl.py for tasks to queue
[2026-04-06T15:39:57.719+0000] {logging_mixin.py:190} INFO - [2026-04-06T15:39:57.719+0000] {dagbag.py:588} INFO - Filling up the DagBag from /opt/airflow/dags/earthquake_etl.py
[2026-04-06T15:39:57.730+0000] {processor.py:927} WARNING - No viable dags retrieved from /opt/airflow/dags/earthquake_etl.py
[2026-04-06T15:39:57.755+0000] {processor.py:208} INFO - Processing /opt/airflow/dags/earthquake_etl.py took 0.057 seconds
[2026-04-06T15:40:28.402+0000] {processor.py:186} INFO - Started process (PID=1368) to work on /opt/airflow/dags/earthquake_etl.py
[2026-04-06T15:40:28.406+0000] {processor.py:914} INFO - Processing file /opt/airflow/dags/earthquake_etl.py for tasks to queue
[2026-04-06T15:40:28.411+0000] {logging_mixin.py:190} INFO - [2026-04-06T15:40:28.411+0000] {dagbag.py:588} INFO - Filling up the DagBag from /opt/airflow/dags/earthquake_etl.py
[2026-04-06T15:40:28.419+0000] {processor.py:927} WARNING - No viable dags retrieved from /opt/airflow/dags/earthquake_etl.py
[2026-04-06T15:40:28.443+0000] {processor.py:208} INFO - Processing /opt/airflow/dags/earthquake_etl.py took 0.057 seconds
[2026-04-06T15:40:59.144+0000] {processor.py:186} INFO - Started process (PID=1375) to work on /opt/airflow/dags/earthquake_etl.py
[2026-04-06T15:40:59.156+0000] {processor.py:914} INFO - Processing file /opt/airflow/dags/earthquake_etl.py for tasks to queue
[2026-04-06T15:40:59.181+0000] {logging_mixin.py:190} INFO - [2026-04-06T15:40:59.174+0000] {dagbag.py:588} INFO - Filling up the DagBag from /opt/airflow/dags/earthquake_etl.py
[2026-04-06T15:40:59.216+0000] {processor.py:927} WARNING - No viable dags retrieved from /opt/airflow/dags/earthquake_etl.py
[2026-04-06T15:40:59.415+0000] {processor.py:208} INFO - Processing /opt/airflow/dags/earthquake_etl.py took 0.343 seconds
[2026-04-06T15:41:29.584+0000] {processor.py:186} INFO - Started process (PID=1382) to work on /opt/airflow/dags/earthquake_etl.py
[2026-04-06T15:41:29.592+0000] {processor.py:914} INFO - Processing file /opt/airflow/dags/earthquake_etl.py for tasks to queue
[2026-04-06T15:41:29.622+0000] {logging_mixin.py:190} INFO - [2026-04-06T15:41:29.620+0000] {dagbag.py:588} INFO - Filling up the DagBag from /opt/airflow/dags/earthquake_etl.py
[2026-04-06T15:41:29.637+0000] {processor.py:927} WARNING - No viable dags retrieved from /opt/airflow/dags/earthquake_etl.py
[2026-04-06T15:41:29.970+0000] {processor.py:208} INFO - Processing /opt/airflow/dags/earthquake_etl.py took 0.402 seconds
[2026-04-06T15:41:37.164+0000] {processor.py:186} INFO - Started process (PID=1383) to work on /opt/airflow/dags/earthquake_etl.py
[2026-04-06T15:41:37.166+0000] {processor.py:914} INFO - Processing file /opt/airflow/dags/earthquake_etl.py for tasks to queue
[2026-04-06T15:41:37.173+0000] {logging_mixin.py:190} INFO - [2026-04-06T15:41:37.171+0000] {dagbag.py:588} INFO - Filling up the DagBag from /opt/airflow/dags/earthquake_etl.py
[2026-04-06T15:41:37.179+0000] {processor.py:927} WARNING - No viable dags retrieved from /opt/airflow/dags/earthquake_etl.py
[2026-04-06T15:41:37.204+0000] {processor.py:208} INFO - Processing /opt/airflow/dags/earthquake_etl.py took 0.055 seconds
[2026-04-06T15:42:06.942+0000] {processor.py:186} INFO - Started process (PID=1390) to work on /opt/airflow/dags/earthquake_etl.py
[2026-04-06T15:42:06.945+0000] {processor.py:914} INFO - Processing file /opt/airflow/dags/earthquake_etl.py for tasks to queue
[2026-04-06T15:42:06.960+0000] {logging_mixin.py:190} INFO - [2026-04-06T15:42:06.959+0000] {dagbag.py:588} INFO - Filling up the DagBag from /opt/airflow/dags/earthquake_etl.py
[2026-04-06T15:42:06.972+0000] {processor.py:927} WARNING - No viable dags retrieved from /opt/airflow/dags/earthquake_etl.py
[2026-04-06T15:42:07.012+0000] {processor.py:208} INFO - Processing /opt/airflow/dags/earthquake_etl.py took 0.091 seconds
[2026-04-06T15:42:37.561+0000] {processor.py:186} INFO - Started process (PID=1397) to work on /opt/airflow/dags/earthquake_etl.py
[2026-04-06T15:42:37.562+0000] {processor.py:914} INFO - Processing file /opt/airflow/dags/earthquake_etl.py for tasks to queue
[2026-04-06T15:42:37.565+0000] {logging_mixin.py:190} INFO - [2026-04-06T15:42:37.564+0000] {dagbag.py:588} INFO - Filling up the DagBag from /opt/airflow/dags/earthquake_etl.py
[2026-04-06T15:42:37.570+0000] {processor.py:927} WARNING - No viable dags retrieved from /opt/airflow/dags/earthquake_etl.py
[2026-04-06T15:42:37.590+0000] {processor.py:208} INFO - Processing /opt/airflow/dags/earthquake_etl.py took 0.039 seconds
[2026-04-06T15:43:08.460+0000] {processor.py:186} INFO - Started process (PID=1404) to work on /opt/airflow/dags/earthquake_etl.py
[2026-04-06T15:43:08.462+0000] {processor.py:914} INFO - Processing file /opt/airflow/dags/earthquake_etl.py for tasks to queue
[2026-04-06T15:43:08.472+0000] {logging_mixin.py:190} INFO - [2026-04-06T15:43:08.471+0000] {dagbag.py:588} INFO - Filling up the DagBag from /opt/airflow/dags/earthquake_etl.py
[2026-04-06T15:43:08.477+0000] {processor.py:927} WARNING - No viable dags retrieved from /opt/airflow/dags/earthquake_etl.py
[2026-04-06T15:43:08.545+0000] {processor.py:208} INFO - Processing /opt/airflow/dags/earthquake_etl.py took 0.111 seconds
[2026-04-06T15:43:39.479+0000] {processor.py:186} INFO - Started process (PID=1410) to work on /opt/airflow/dags/earthquake_etl.py
[2026-04-06T15:43:39.481+0000] {processor.py:914} INFO - Processing file /opt/airflow/dags/earthquake_etl.py for tasks to queue
[2026-04-06T15:43:39.493+0000] {logging_mixin.py:190} INFO - [2026-04-06T15:43:39.491+0000] {dagbag.py:588} INFO - Filling up the DagBag from /opt/airflow/dags/earthquake_etl.py
[2026-04-06T15:43:39.506+0000] {processor.py:927} WARNING - No viable dags retrieved from /opt/airflow/dags/earthquake_etl.py
[2026-04-06T15:43:39.573+0000] {processor.py:208} INFO - Processing /opt/airflow/dags/earthquake_etl.py took 0.130 seconds
[2026-04-06T15:44:10.149+0000] {processor.py:186} INFO - Started process (PID=1417) to work on /opt/airflow/dags/earthquake_etl.py
[2026-04-06T15:44:10.151+0000] {processor.py:914} INFO - Processing file /opt/airflow/dags/earthquake_etl.py for tasks to queue
[2026-04-06T15:44:10.157+0000] {logging_mixin.py:190} INFO - [2026-04-06T15:44:10.157+0000] {dagbag.py:588} INFO - Filling up the DagBag from /opt/airflow/dags/earthquake_etl.py
[2026-04-06T15:44:10.168+0000] {processor.py:927} WARNING - No viable dags retrieved from /opt/airflow/dags/earthquake_etl.py
[2026-04-06T15:44:10.216+0000] {processor.py:208} INFO - Processing /opt/airflow/dags/earthquake_etl.py took 0.085 seconds
[2026-04-06T15:44:40.974+0000] {processor.py:186} INFO - Started process (PID=1424) to work on /opt/airflow/dags/earthquake_etl.py
[2026-04-06T15:44:40.975+0000] {processor.py:914} INFO - Processing file /opt/airflow/dags/earthquake_etl.py for tasks to queue
[2026-04-06T15:44:40.980+0000] {logging_mixin.py:190} INFO - [2026-04-06T15:44:40.979+0000] {dagbag.py:588} INFO - Filling up the DagBag from /opt/airflow/dags/earthquake_etl.py
[2026-04-06T15:44:40.989+0000] {processor.py:927} WARNING - No viable dags retrieved from /opt/airflow/dags/earthquake_etl.py
[2026-04-06T15:44:41.047+0000] {processor.py:208} INFO - Processing /opt/airflow/dags/earthquake_etl.py took 0.093 seconds
[2026-04-06T15:45:12.315+0000] {processor.py:186} INFO - Started process (PID=1431) to work on /opt/airflow/dags/earthquake_etl.py
[2026-04-06T15:45:12.320+0000] {processor.py:914} INFO - Processing file /opt/airflow/dags/earthquake_etl.py for tasks to queue
[2026-04-06T15:45:12.332+0000] {logging_mixin.py:190} INFO - [2026-04-06T15:45:12.331+0000] {dagbag.py:588} INFO - Filling up the DagBag from /opt/airflow/dags/earthquake_etl.py
[2026-04-06T15:45:12.340+0000] {processor.py:927} WARNING - No viable dags retrieved from /opt/airflow/dags/earthquake_etl.py
[2026-04-06T15:45:12.424+0000] {processor.py:208} INFO - Processing /opt/airflow/dags/earthquake_etl.py took 0.166 seconds
[2026-04-06T15:45:43.062+0000] {processor.py:186} INFO - Started process (PID=1438) to work on /opt/airflow/dags/earthquake_etl.py
[2026-04-06T15:45:43.065+0000] {processor.py:914} INFO - Processing file /opt/airflow/dags/earthquake_etl.py for tasks to queue
[2026-04-06T15:45:43.077+0000] {logging_mixin.py:190} INFO - [2026-04-06T15:45:43.074+0000] {dagbag.py:588} INFO - Filling up the DagBag from /opt/airflow/dags/earthquake_etl.py
[2026-04-06T15:45:43.084+0000] {processor.py:927} WARNING - No viable dags retrieved from /opt/airflow/dags/earthquake_etl.py
[2026-04-06T15:45:43.159+0000] {processor.py:208} INFO - Processing /opt/airflow/dags/earthquake_etl.py took 0.149 seconds
[2026-04-06T15:46:13.639+0000] {processor.py:186} INFO - Started process (PID=1445) to work on /opt/airflow/dags/earthquake_etl.py
[2026-04-06T15:46:13.641+0000] {processor.py:914} INFO - Processing file /opt/airflow/dags/earthquake_etl.py for tasks to queue
[2026-04-06T15:46:13.646+0000] {logging_mixin.py:190} INFO - [2026-04-06T15:46:13.645+0000] {dagbag.py:588} INFO - Filling up the DagBag from /opt/airflow/dags/earthquake_etl.py
[2026-04-06T15:46:13.657+0000] {processor.py:927} WARNING - No viable dags retrieved from /opt/airflow/dags/earthquake_etl.py
[2026-04-06T15:46:13.702+0000] {processor.py:208} INFO - Processing /opt/airflow/dags/earthquake_etl.py took 0.077 seconds
[2026-04-06T15:46:44.165+0000] {processor.py:186} INFO - Started process (PID=1452) to work on /opt/airflow/dags/earthquake_etl.py
[2026-04-06T15:46:44.167+0000] {processor.py:914} INFO - Processing file /opt/airflow/dags/earthquake_etl.py for tasks to queue
[2026-04-06T15:46:44.171+0000] {logging_mixin.py:190} INFO - [2026-04-06T15:46:44.170+0000] {dagbag.py:588} INFO - Filling up the DagBag from /opt/airflow/dags/earthquake_etl.py
[2026-04-06T15:46:44.179+0000] {processor.py:927} WARNING - No viable dags retrieved from /opt/airflow/dags/earthquake_etl.py
[2026-04-06T15:46:44.217+0000] {processor.py:208} INFO - Processing /opt/airflow/dags/earthquake_etl.py took 0.073 seconds
[2026-04-06T15:47:14.494+0000] {processor.py:186} INFO - Started process (PID=1459) to work on /opt/airflow/dags/earthquake_etl.py
[2026-04-06T15:47:14.497+0000] {processor.py:914} INFO - Processing file /opt/airflow/dags/earthquake_etl.py for tasks to queue
[2026-04-06T15:47:14.503+0000] {logging_mixin.py:190} INFO - [2026-04-06T15:47:14.503+0000] {dagbag.py:588} INFO - Filling up the DagBag from /opt/airflow/dags/earthquake_etl.py
[2026-04-06T15:47:14.513+0000] {processor.py:927} WARNING - No viable dags retrieved from /opt/airflow/dags/earthquake_etl.py
[2026-04-06T15:47:14.576+0000] {processor.py:208} INFO - Processing /opt/airflow/dags/earthquake_etl.py took 0.115 seconds
[2026-04-06T15:47:45.344+0000] {processor.py:186} INFO - Started process (PID=1466) to work on /opt/airflow/dags/earthquake_etl.py
[2026-04-06T15:47:45.345+0000] {processor.py:914} INFO - Processing file /opt/airflow/dags/earthquake_etl.py for tasks to queue
[2026-04-06T15:47:45.350+0000] {logging_mixin.py:190} INFO - [2026-04-06T15:47:45.349+0000] {dagbag.py:588} INFO - Filling up the DagBag from /opt/airflow/dags/earthquake_etl.py
[2026-04-06T15:47:45.361+0000] {processor.py:927} WARNING - No viable dags retrieved from /opt/airflow/dags/earthquake_etl.py
[2026-04-06T15:47:45.412+0000] {processor.py:208} INFO - Processing /opt/airflow/dags/earthquake_etl.py took 0.084 seconds
[2026-04-06T15:48:15.983+0000] {processor.py:186} INFO - Started process (PID=1473) to work on /opt/airflow/dags/earthquake_etl.py
[2026-04-06T15:48:15.985+0000] {processor.py:914} INFO - Processing file /opt/airflow/dags/earthquake_etl.py for tasks to queue
[2026-04-06T15:48:15.992+0000] {logging_mixin.py:190} INFO - [2026-04-06T15:48:15.992+0000] {dagbag.py:588} INFO - Filling up the DagBag from /opt/airflow/dags/earthquake_etl.py
[2026-04-06T15:48:15.998+0000] {processor.py:927} WARNING - No viable dags retrieved from /opt/airflow/dags/earthquake_etl.py
[2026-04-06T15:48:16.037+0000] {processor.py:208} INFO - Processing /opt/airflow/dags/earthquake_etl.py took 0.069 seconds
[2026-04-06T15:48:46.717+0000] {processor.py:186} INFO - Started process (PID=1486) to work on /opt/airflow/dags/earthquake_etl.py
[2026-04-06T15:48:46.721+0000] {processor.py:914} INFO - Processing file /opt/airflow/dags/earthquake_etl.py for tasks to queue
[2026-04-06T15:48:46.730+0000] {logging_mixin.py:190} INFO - [2026-04-06T15:48:46.728+0000] {dagbag.py:588} INFO - Filling up the DagBag from /opt/airflow/dags/earthquake_etl.py
[2026-04-06T15:48:46.736+0000] {processor.py:927} WARNING - No viable dags retrieved from /opt/airflow/dags/earthquake_etl.py
[2026-04-06T15:48:46.764+0000] {processor.py:208} INFO - Processing /opt/airflow/dags/earthquake_etl.py took 0.063 seconds
[2026-04-06T15:49:17.207+0000] {processor.py:186} INFO - Started process (PID=1493) to work on /opt/airflow/dags/earthquake_etl.py
[2026-04-06T15:49:17.209+0000] {processor.py:914} INFO - Processing file /opt/airflow/dags/earthquake_etl.py for tasks to queue
[2026-04-06T15:49:17.213+0000] {logging_mixin.py:190} INFO - [2026-04-06T15:49:17.212+0000] {dagbag.py:588} INFO - Filling up the DagBag from /opt/airflow/dags/earthquake_etl.py
[2026-04-06T15:49:17.219+0000] {processor.py:927} WARNING - No viable dags retrieved from /opt/airflow/dags/earthquake_etl.py
[2026-04-06T15:49:17.239+0000] {processor.py:208} INFO - Processing /opt/airflow/dags/earthquake_etl.py took 0.045 seconds
[2026-04-06T15:49:47.732+0000] {processor.py:186} INFO - Started process (PID=1500) to work on /opt/airflow/dags/earthquake_etl.py
[2026-04-06T15:49:47.736+0000] {processor.py:914} INFO - Processing file /opt/airflow/dags/earthquake_etl.py for tasks to queue
[2026-04-06T15:49:47.743+0000] {logging_mixin.py:190} INFO - [2026-04-06T15:49:47.742+0000] {dagbag.py:588} INFO - Filling up the DagBag from /opt/airflow/dags/earthquake_etl.py
[2026-04-06T15:49:47.750+0000] {processor.py:927} WARNING - No viable dags retrieved from /opt/airflow/dags/earthquake_etl.py
[2026-04-06T15:49:47.785+0000] {processor.py:208} INFO - Processing /opt/airflow/dags/earthquake_etl.py took 0.071 seconds
[2026-04-06T15:50:18.257+0000] {processor.py:186} INFO - Started process (PID=1507) to work on /opt/airflow/dags/earthquake_etl.py
[2026-04-06T15:50:18.260+0000] {processor.py:914} INFO - Processing file /opt/airflow/dags/earthquake_etl.py for tasks to queue
[2026-04-06T15:50:18.264+0000] {logging_mixin.py:190} INFO - [2026-04-06T15:50:18.263+0000] {dagbag.py:588} INFO - Filling up the DagBag from /opt/airflow/dags/earthquake_etl.py
[2026-04-06T15:50:18.269+0000] {processor.py:927} WARNING - No viable dags retrieved from /opt/airflow/dags/earthquake_etl.py
[2026-04-06T15:50:18.333+0000] {processor.py:208} INFO - Processing /opt/airflow/dags/earthquake_etl.py took 0.090 seconds
[2026-04-06T15:50:48.859+0000] {processor.py:186} INFO - Started process (PID=1514) to work on /opt/airflow/dags/earthquake_etl.py
[2026-04-06T15:50:48.866+0000] {processor.py:914} INFO - Processing file /opt/airflow/dags/earthquake_etl.py for tasks to queue
[2026-04-06T15:50:48.892+0000] {logging_mixin.py:190} INFO - [2026-04-06T15:50:48.890+0000] {dagbag.py:588} INFO - Filling up the DagBag from /opt/airflow/dags/earthquake_etl.py
[2026-04-06T15:50:48.912+0000] {processor.py:927} WARNING - No viable dags retrieved from /opt/airflow/dags/earthquake_etl.py
[2026-04-06T15:50:48.975+0000] {processor.py:208} INFO - Processing /opt/airflow/dags/earthquake_etl.py took 0.146 seconds
[2026-04-06T15:51:20.265+0000] {processor.py:186} INFO - Started process (PID=1521) to work on /opt/airflow/dags/earthquake_etl.py
[2026-04-06T15:51:20.272+0000] {processor.py:914} INFO - Processing file /opt/airflow/dags/earthquake_etl.py for tasks to queue
[2026-04-06T15:51:20.297+0000] {logging_mixin.py:190} INFO - [2026-04-06T15:51:20.288+0000] {dagbag.py:588} INFO - Filling up the DagBag from /opt/airflow/dags/earthquake_etl.py
[2026-04-06T15:51:20.331+0000] {processor.py:927} WARNING - No viable dags retrieved from /opt/airflow/dags/earthquake_etl.py
[2026-04-06T15:51:20.608+0000] {processor.py:208} INFO - Processing /opt/airflow/dags/earthquake_etl.py took 0.417 seconds
[2026-04-06T15:51:50.939+0000] {processor.py:186} INFO - Started process (PID=1528) to work on /opt/airflow/dags/earthquake_etl.py
[2026-04-06T15:51:50.940+0000] {processor.py:914} INFO - Processing file /opt/airflow/dags/earthquake_etl.py for tasks to queue
[2026-04-06T15:51:50.945+0000] {logging_mixin.py:190} INFO - [2026-04-06T15:51:50.944+0000] {dagbag.py:588} INFO - Filling up the DagBag from /opt/airflow/dags/earthquake_etl.py
[2026-04-06T15:51:50.953+0000] {processor.py:927} WARNING - No viable dags retrieved from /opt/airflow/dags/earthquake_etl.py
[2026-04-06T15:51:50.984+0000] {processor.py:208} INFO - Processing /opt/airflow/dags/earthquake_etl.py took 0.058 seconds
[2026-04-06T15:52:21.656+0000] {processor.py:186} INFO - Started process (PID=1535) to work on /opt/airflow/dags/earthquake_etl.py
[2026-04-06T15:52:21.658+0000] {processor.py:914} INFO - Processing file /opt/airflow/dags/earthquake_etl.py for tasks to queue
[2026-04-06T15:52:21.661+0000] {logging_mixin.py:190} INFO - [2026-04-06T15:52:21.661+0000] {dagbag.py:588} INFO - Filling up the DagBag from /opt/airflow/dags/earthquake_etl.py
[2026-04-06T15:52:21.665+0000] {processor.py:927} WARNING - No viable dags retrieved from /opt/airflow/dags/earthquake_etl.py
[2026-04-06T15:52:21.699+0000] {processor.py:208} INFO - Processing /opt/airflow/dags/earthquake_etl.py took 0.066 seconds
[2026-04-06T15:52:52.473+0000] {processor.py:186} INFO - Started process (PID=1542) to work on /opt/airflow/dags/earthquake_etl.py
[2026-04-06T15:52:52.475+0000] {processor.py:914} INFO - Processing file /opt/airflow/dags/earthquake_etl.py for tasks to queue
[2026-04-06T15:52:52.483+0000] {logging_mixin.py:190} INFO - [2026-04-06T15:52:52.482+0000] {dagbag.py:588} INFO - Filling up the DagBag from /opt/airflow/dags/earthquake_etl.py
[2026-04-06T15:52:52.493+0000] {processor.py:927} WARNING - No viable dags retrieved from /opt/airflow/dags/earthquake_etl.py
[2026-04-06T15:52:52.527+0000] {processor.py:208} INFO - Processing /opt/airflow/dags/earthquake_etl.py took 0.069 seconds
[2026-04-06T15:53:23.295+0000] {processor.py:186} INFO - Started process (PID=1549) to work on /opt/airflow/dags/earthquake_etl.py
[2026-04-06T15:53:23.298+0000] {processor.py:914} INFO - Processing file /opt/airflow/dags/earthquake_etl.py for tasks to queue
[2026-04-06T15:53:23.309+0000] {logging_mixin.py:190} INFO - [2026-04-06T15:53:23.305+0000] {dagbag.py:588} INFO - Filling up the DagBag from /opt/airflow/dags/earthquake_etl.py
[2026-04-06T15:53:23.319+0000] {processor.py:927} WARNING - No viable dags retrieved from /opt/airflow/dags/earthquake_etl.py
[2026-04-06T15:53:23.376+0000] {processor.py:208} INFO - Processing /opt/airflow/dags/earthquake_etl.py took 0.115 seconds
[2026-04-06T15:53:53.904+0000] {processor.py:186} INFO - Started process (PID=1556) to work on /opt/airflow/dags/earthquake_etl.py
[2026-04-06T15:53:53.906+0000] {processor.py:914} INFO - Processing file /opt/airflow/dags/earthquake_etl.py for tasks to queue
[2026-04-06T15:53:53.915+0000] {logging_mixin.py:190} INFO - [2026-04-06T15:53:53.913+0000] {dagbag.py:588} INFO - Filling up the DagBag from /opt/airflow/dags/earthquake_etl.py
[2026-04-06T15:53:53.921+0000] {processor.py:927} WARNING - No viable dags retrieved from /opt/airflow/dags/earthquake_etl.py
[2026-04-06T15:53:53.955+0000] {processor.py:208} INFO - Processing /opt/airflow/dags/earthquake_etl.py took 0.068 seconds
