[2026-04-26T18:29:25.796+0000] {local_task_job_runner.py:123} INFO - ::group::Pre task execution logs
[2026-04-26T18:29:25.824+0000] {taskinstance.py:2612} INFO - Dependencies all met for dep_context=non-requeueable deps ti=<TaskInstance: raw_from_api_to_s3.get_and_transfer_api_data_to_s3 scheduled__2026-04-20T00:00:00+00:00 [queued]>
[2026-04-26T18:29:25.845+0000] {taskinstance.py:2612} INFO - Dependencies all met for dep_context=requeueable deps ti=<TaskInstance: raw_from_api_to_s3.get_and_transfer_api_data_to_s3 scheduled__2026-04-20T00:00:00+00:00 [queued]>
[2026-04-26T18:29:25.846+0000] {taskinstance.py:2865} INFO - Starting attempt 1 of 4
[2026-04-26T18:29:25.862+0000] {taskinstance.py:2888} INFO - Executing <Task(PythonOperator): get_and_transfer_api_data_to_s3> on 2026-04-20 00:00:00+00:00
[2026-04-26T18:29:25.886+0000] {warnings.py:112} WARNING - /home/***/.local/lib/python3.12/site-packages/***/task/task_runner/standard_task_runner.py:70: DeprecationWarning: This process (pid=163) is multi-threaded, use of fork() may lead to deadlocks in the child.
  pid = os.fork()

[2026-04-26T18:29:25.889+0000] {standard_task_runner.py:72} INFO - Started process 171 to run task
[2026-04-26T18:29:25.889+0000] {standard_task_runner.py:104} INFO - Running: ['***', 'tasks', 'run', 'raw_from_api_to_s3', 'get_and_transfer_api_data_to_s3', 'scheduled__2026-04-20T00:00:00+00:00', '--job-id', '40', '--raw', '--subdir', 'DAGS_FOLDER/raw_from_api_to_s3.py', '--cfg-path', '/tmp/tmpsr2i6gaw']
[2026-04-26T18:29:25.892+0000] {standard_task_runner.py:105} INFO - Job 40: Subtask get_and_transfer_api_data_to_s3
[2026-04-26T18:29:26.013+0000] {task_command.py:467} INFO - Running <TaskInstance: raw_from_api_to_s3.get_and_transfer_api_data_to_s3 scheduled__2026-04-20T00:00:00+00:00 [running]> on host 24150d739e20
[2026-04-26T18:29:26.104+0000] {taskinstance.py:3131} INFO - Exporting env vars: AIRFLOW_CTX_DAG_OWNER='s.kiyassov' AIRFLOW_CTX_DAG_ID='raw_from_api_to_s3' AIRFLOW_CTX_TASK_ID='get_and_transfer_api_data_to_s3' AIRFLOW_CTX_EXECUTION_DATE='2026-04-20T00:00:00+00:00' AIRFLOW_CTX_TRY_NUMBER='1' AIRFLOW_CTX_DAG_RUN_ID='scheduled__2026-04-20T00:00:00+00:00'
[2026-04-26T18:29:26.106+0000] {taskinstance.py:731} INFO - ::endgroup::
[2026-04-26T18:29:26.127+0000] {raw_from_api_to_s3.py:49} INFO - 💻 Start load for dates: 2026-04-20/2026-04-21
[2026-04-26T18:29:27.244+0000] {raw_from_api_to_s3.py:75} INFO - Download for date success: 2026-04-20
[2026-04-26T18:29:27.249+0000] {python.py:240} INFO - Done. Returned value was: None
[2026-04-26T18:29:27.285+0000] {taskinstance.py:340} INFO - ::group::Post task execution logs
[2026-04-26T18:29:27.287+0000] {taskinstance.py:352} INFO - Marking task as SUCCESS. dag_id=raw_from_api_to_s3, task_id=get_and_transfer_api_data_to_s3, run_id=scheduled__2026-04-20T00:00:00+00:00, execution_date=20260420T000000, start_date=20260426T182925, end_date=20260426T182927
[2026-04-26T18:29:27.382+0000] {local_task_job_runner.py:266} INFO - Task exited with return code 0
[2026-04-26T18:29:27.492+0000] {taskinstance.py:3900} INFO - 0 downstream tasks scheduled from follow-on schedule check
[2026-04-26T18:29:27.494+0000] {local_task_job_runner.py:245} INFO - ::endgroup::
