[2026-04-14T18:11:29.224+0000] {local_task_job_runner.py:123} INFO - ::group::Pre task execution logs
[2026-04-14T18:11:29.369+0000] {taskinstance.py:2612} INFO - Dependencies all met for dep_context=non-requeueable deps ti=<TaskInstance: raw_from_api_to_s3.get_and_transfer_api_data_to_s3 scheduled__2026-03-27T00:00:00+00:00 [queued]>
[2026-04-14T18:11:29.448+0000] {taskinstance.py:2612} INFO - Dependencies all met for dep_context=requeueable deps ti=<TaskInstance: raw_from_api_to_s3.get_and_transfer_api_data_to_s3 scheduled__2026-03-27T00:00:00+00:00 [queued]>
[2026-04-14T18:11:29.455+0000] {taskinstance.py:2865} INFO - Starting attempt 1 of 4
[2026-04-14T18:11:29.652+0000] {taskinstance.py:2888} INFO - Executing <Task(PythonOperator): get_and_transfer_api_data_to_s3> on 2026-03-27 00:00:00+00:00
[2026-04-14T18:11:29.667+0000] {standard_task_runner.py:104} INFO - Running: ['***', 'tasks', 'run', 'raw_from_api_to_s3', 'get_and_transfer_api_data_to_s3', 'scheduled__2026-03-27T00:00:00+00:00', '--job-id', '14', '--raw', '--subdir', 'DAGS_FOLDER/raw_from_api_to_s3.py', '--cfg-path', '/tmp/tmp_4ij7wph']
[2026-04-14T18:11:29.669+0000] {standard_task_runner.py:105} INFO - Job 14: Subtask get_and_transfer_api_data_to_s3
[2026-04-14T18:11:29.666+0000] {warnings.py:112} WARNING - /home/***/.local/lib/python3.12/site-packages/***/task/task_runner/standard_task_runner.py:70: DeprecationWarning: This process (pid=1213) is multi-threaded, use of fork() may lead to deadlocks in the child.
  pid = os.fork()

[2026-04-14T18:11:29.669+0000] {standard_task_runner.py:72} INFO - Started process 1221 to run task
[2026-04-14T18:11:30.405+0000] {task_command.py:467} INFO - Running <TaskInstance: raw_from_api_to_s3.get_and_transfer_api_data_to_s3 scheduled__2026-03-27T00:00:00+00:00 [running]> on host 24150d739e20
[2026-04-14T18:11:32.610+0000] {taskinstance.py:3131} INFO - Exporting env vars: AIRFLOW_CTX_DAG_OWNER='s.kiyassov' AIRFLOW_CTX_DAG_ID='raw_from_api_to_s3' AIRFLOW_CTX_TASK_ID='get_and_transfer_api_data_to_s3' AIRFLOW_CTX_EXECUTION_DATE='2026-03-27T00:00:00+00:00' AIRFLOW_CTX_TRY_NUMBER='1' AIRFLOW_CTX_DAG_RUN_ID='scheduled__2026-03-27T00:00:00+00:00'
[2026-04-14T18:11:32.618+0000] {taskinstance.py:731} INFO - ::endgroup::
[2026-04-14T18:11:32.803+0000] {raw_from_api_to_s3.py:49} INFO - 💻 Start load for dates: 2026-03-27/2026-03-28
[2026-04-14T18:11:42.798+0000] {job.py:229} INFO - Heartbeat recovered after 13.97 seconds
[2026-04-14T18:11:44.521+0000] {raw_from_api_to_s3.py:75} INFO - Download for date success: 2026-03-27
[2026-04-14T18:11:44.528+0000] {python.py:240} INFO - Done. Returned value was: None
[2026-04-14T18:11:44.545+0000] {taskinstance.py:340} INFO - ::group::Post task execution logs
[2026-04-14T18:11:44.546+0000] {taskinstance.py:352} INFO - Marking task as SUCCESS. dag_id=raw_from_api_to_s3, task_id=get_and_transfer_api_data_to_s3, run_id=scheduled__2026-03-27T00:00:00+00:00, execution_date=20260327T000000, start_date=20260414T181129, end_date=20260414T181144
[2026-04-14T18:11:44.572+0000] {local_task_job_runner.py:266} INFO - Task exited with return code 0
[2026-04-14T18:11:44.593+0000] {taskinstance.py:3900} INFO - 0 downstream tasks scheduled from follow-on schedule check
[2026-04-14T18:11:44.594+0000] {local_task_job_runner.py:245} INFO - ::endgroup::
