[2026-04-14T18:13:08.989+0000] {local_task_job_runner.py:123} INFO - ::group::Pre task execution logs
[2026-04-14T18:13:08.994+0000] {taskinstance.py:2612} INFO - Dependencies all met for dep_context=non-requeueable deps ti=<TaskInstance: raw_from_api_to_s3.get_and_transfer_api_data_to_s3 scheduled__2026-04-13T00:00:00+00:00 [queued]>
[2026-04-14T18:13:08.997+0000] {taskinstance.py:2612} INFO - Dependencies all met for dep_context=requeueable deps ti=<TaskInstance: raw_from_api_to_s3.get_and_transfer_api_data_to_s3 scheduled__2026-04-13T00:00:00+00:00 [queued]>
[2026-04-14T18:13:08.997+0000] {taskinstance.py:2865} INFO - Starting attempt 1 of 4
[2026-04-14T18:13:09.001+0000] {taskinstance.py:2888} INFO - Executing <Task(PythonOperator): get_and_transfer_api_data_to_s3> on 2026-04-13 00:00:00+00:00
[2026-04-14T18:13:09.004+0000] {warnings.py:112} WARNING - /home/***/.local/lib/python3.12/site-packages/***/task/task_runner/standard_task_runner.py:70: DeprecationWarning: This process (pid=1879) is multi-threaded, use of fork() may lead to deadlocks in the child.
  pid = os.fork()

[2026-04-14T18:13:09.005+0000] {standard_task_runner.py:72} INFO - Started process 1887 to run task
[2026-04-14T18:13:09.005+0000] {standard_task_runner.py:104} INFO - Running: ['***', 'tasks', 'run', 'raw_from_api_to_s3', 'get_and_transfer_api_data_to_s3', 'scheduled__2026-04-13T00:00:00+00:00', '--job-id', '31', '--raw', '--subdir', 'DAGS_FOLDER/raw_from_api_to_s3.py', '--cfg-path', '/tmp/tmp84mnc9en']
[2026-04-14T18:13:09.006+0000] {standard_task_runner.py:105} INFO - Job 31: Subtask get_and_transfer_api_data_to_s3
[2026-04-14T18:13:09.022+0000] {task_command.py:467} INFO - Running <TaskInstance: raw_from_api_to_s3.get_and_transfer_api_data_to_s3 scheduled__2026-04-13T00:00:00+00:00 [running]> on host 24150d739e20
[2026-04-14T18:13:09.051+0000] {taskinstance.py:3131} INFO - Exporting env vars: AIRFLOW_CTX_DAG_OWNER='s.kiyassov' AIRFLOW_CTX_DAG_ID='raw_from_api_to_s3' AIRFLOW_CTX_TASK_ID='get_and_transfer_api_data_to_s3' AIRFLOW_CTX_EXECUTION_DATE='2026-04-13T00:00:00+00:00' AIRFLOW_CTX_TRY_NUMBER='1' AIRFLOW_CTX_DAG_RUN_ID='scheduled__2026-04-13T00:00:00+00:00'
[2026-04-14T18:13:09.051+0000] {taskinstance.py:731} INFO - ::endgroup::
[2026-04-14T18:13:09.057+0000] {raw_from_api_to_s3.py:49} INFO - 💻 Start load for dates: 2026-04-13/2026-04-14
[2026-04-14T18:13:09.999+0000] {raw_from_api_to_s3.py:75} INFO - Download for date success: 2026-04-13
[2026-04-14T18:13:09.999+0000] {python.py:240} INFO - Done. Returned value was: None
[2026-04-14T18:13:10.005+0000] {taskinstance.py:340} INFO - ::group::Post task execution logs
[2026-04-14T18:13:10.005+0000] {taskinstance.py:352} INFO - Marking task as SUCCESS. dag_id=raw_from_api_to_s3, task_id=get_and_transfer_api_data_to_s3, run_id=scheduled__2026-04-13T00:00:00+00:00, execution_date=20260413T000000, start_date=20260414T181308, end_date=20260414T181310
[2026-04-14T18:13:10.056+0000] {local_task_job_runner.py:266} INFO - Task exited with return code 0
[2026-04-14T18:13:10.065+0000] {taskinstance.py:3900} INFO - 0 downstream tasks scheduled from follow-on schedule check
[2026-04-14T18:13:10.066+0000] {local_task_job_runner.py:245} INFO - ::endgroup::
