[2026-04-14T17:10:34.143+0000] {local_task_job_runner.py:123} INFO - ::group::Pre task execution logs
[2026-04-14T17:10:34.153+0000] {taskinstance.py:2612} INFO - Dependencies all met for dep_context=non-requeueable deps ti=<TaskInstance: raw_from_api_to_s3.get_and_transfer_api_data_to_s3 scheduled__2026-03-24T00:00:00+00:00 [queued]>
[2026-04-14T17:10:34.156+0000] {taskinstance.py:2612} INFO - Dependencies all met for dep_context=requeueable deps ti=<TaskInstance: raw_from_api_to_s3.get_and_transfer_api_data_to_s3 scheduled__2026-03-24T00:00:00+00:00 [queued]>
[2026-04-14T17:10:34.157+0000] {taskinstance.py:2865} INFO - Starting attempt 1 of 4
[2026-04-14T17:10:34.161+0000] {taskinstance.py:2888} INFO - Executing <Task(PythonOperator): get_and_transfer_api_data_to_s3> on 2026-03-24 00:00:00+00:00
[2026-04-14T17:10:34.168+0000] {warnings.py:112} WARNING - /home/***/.local/lib/python3.12/site-packages/***/task/task_runner/standard_task_runner.py:70: DeprecationWarning: This process (pid=207) is multi-threaded, use of fork() may lead to deadlocks in the child.
  pid = os.fork()

[2026-04-14T17:10:34.173+0000] {standard_task_runner.py:72} INFO - Started process 215 to run task
[2026-04-14T17:10:34.173+0000] {standard_task_runner.py:104} INFO - Running: ['***', 'tasks', 'run', 'raw_from_api_to_s3', 'get_and_transfer_api_data_to_s3', 'scheduled__2026-03-24T00:00:00+00:00', '--job-id', '9', '--raw', '--subdir', 'DAGS_FOLDER/raw_from_api_to_s3.py', '--cfg-path', '/tmp/tmp5hs3qr81']
[2026-04-14T17:10:34.174+0000] {standard_task_runner.py:105} INFO - Job 9: Subtask get_and_transfer_api_data_to_s3
[2026-04-14T17:10:34.200+0000] {task_command.py:467} INFO - Running <TaskInstance: raw_from_api_to_s3.get_and_transfer_api_data_to_s3 scheduled__2026-03-24T00:00:00+00:00 [running]> on host 24150d739e20
[2026-04-14T17:10:34.237+0000] {taskinstance.py:3131} INFO - Exporting env vars: AIRFLOW_CTX_DAG_OWNER='s.kiyassov' AIRFLOW_CTX_DAG_ID='raw_from_api_to_s3' AIRFLOW_CTX_TASK_ID='get_and_transfer_api_data_to_s3' AIRFLOW_CTX_EXECUTION_DATE='2026-03-24T00:00:00+00:00' AIRFLOW_CTX_TRY_NUMBER='1' AIRFLOW_CTX_DAG_RUN_ID='scheduled__2026-03-24T00:00:00+00:00'
[2026-04-14T17:10:34.238+0000] {taskinstance.py:731} INFO - ::endgroup::
[2026-04-14T17:10:34.256+0000] {raw_from_api_to_s3.py:49} INFO - 💻 Start load for dates: 2026-03-24/2026-03-25
[2026-04-14T17:10:45.543+0000] {taskinstance.py:3310} ERROR - Task failed with exception
Traceback (most recent call last):
  File "/home/airflow/.local/lib/python3.12/site-packages/airflow/models/taskinstance.py", line 767, in _execute_task
    result = _execute_callable(context=context, **execute_callable_kwargs)
             ^^^^^^^^^^^^^^^^^^^^^^^^^^^^^^^^^^^^^^^^^^^^^^^^^^^^^^^^^^^^^
  File "/home/airflow/.local/lib/python3.12/site-packages/airflow/models/taskinstance.py", line 733, in _execute_callable
    return ExecutionCallableRunner(
           ^^^^^^^^^^^^^^^^^^^^^^^^
  File "/home/airflow/.local/lib/python3.12/site-packages/airflow/utils/operator_helpers.py", line 252, in run
    return self.func(*args, **kwargs)
           ^^^^^^^^^^^^^^^^^^^^^^^^^^
  File "/home/airflow/.local/lib/python3.12/site-packages/airflow/models/baseoperator.py", line 406, in wrapper
    return func(self, *args, **kwargs)
           ^^^^^^^^^^^^^^^^^^^^^^^^^^^
  File "/home/airflow/.local/lib/python3.12/site-packages/airflow/operators/python.py", line 238, in execute
    return_value = self.execute_callable()
                   ^^^^^^^^^^^^^^^^^^^^^^^
  File "/home/airflow/.local/lib/python3.12/site-packages/airflow/operators/python.py", line 256, in execute_callable
    return runner.run(*self.op_args, **self.op_kwargs)
           ^^^^^^^^^^^^^^^^^^^^^^^^^^^^^^^^^^^^^^^^^^^
  File "/home/airflow/.local/lib/python3.12/site-packages/airflow/utils/operator_helpers.py", line 252, in run
    return self.func(*args, **kwargs)
           ^^^^^^^^^^^^^^^^^^^^^^^^^^
  File "/opt/airflow/dags/raw_from_api_to_s3.py", line 52, in get_and_transfer_api_data_to_s3
    con.sql(
_duckdb.HTTPException: HTTP Error: Unable to connect to URL s3://prod/raw/earthquake/2026-03-24/2026-03-24_00-00-00.gz.parquet: Not Found (HTTP code 404)
[2026-04-14T17:10:45.579+0000] {taskinstance.py:1225} INFO - Marking task as UP_FOR_RETRY. dag_id=raw_from_api_to_s3, task_id=get_and_transfer_api_data_to_s3, run_id=scheduled__2026-03-24T00:00:00+00:00, execution_date=20260324T000000, start_date=20260414T171034, end_date=20260414T171045
[2026-04-14T17:10:45.610+0000] {taskinstance.py:340} INFO - ::group::Post task execution logs
[2026-04-14T17:10:45.610+0000] {standard_task_runner.py:124} ERROR - Failed to execute job 9 for task get_and_transfer_api_data_to_s3 (HTTP Error: Unable to connect to URL s3://prod/raw/earthquake/2026-03-24/2026-03-24_00-00-00.gz.parquet: Not Found (HTTP code 404); 215)
Traceback (most recent call last):
  File "/home/airflow/.local/lib/python3.12/site-packages/airflow/task/task_runner/standard_task_runner.py", line 117, in _start_by_fork
    ret = args.func(args, dag=self.dag)
          ^^^^^^^^^^^^^^^^^^^^^^^^^^^^^
  File "/home/airflow/.local/lib/python3.12/site-packages/airflow/cli/cli_config.py", line 49, in command
    return func(*args, **kwargs)
           ^^^^^^^^^^^^^^^^^^^^^
  File "/home/airflow/.local/lib/python3.12/site-packages/airflow/utils/cli.py", line 115, in wrapper
    return f(*args, **kwargs)
           ^^^^^^^^^^^^^^^^^^
  File "/home/airflow/.local/lib/python3.12/site-packages/airflow/cli/commands/task_command.py", line 483, in task_run
    task_return_code = _run_task_by_selected_method(args, _dag, ti)
                       ^^^^^^^^^^^^^^^^^^^^^^^^^^^^^^^^^^^^^^^^^^^^
  File "/home/airflow/.local/lib/python3.12/site-packages/airflow/cli/commands/task_command.py", line 256, in _run_task_by_selected_method
    return _run_raw_task(args, ti)
           ^^^^^^^^^^^^^^^^^^^^^^^
  File "/home/airflow/.local/lib/python3.12/site-packages/airflow/cli/commands/task_command.py", line 341, in _run_raw_task
    return ti._run_raw_task(
           ^^^^^^^^^^^^^^^^^
  File "/home/airflow/.local/lib/python3.12/site-packages/airflow/utils/session.py", line 97, in wrapper
    return func(*args, session=session, **kwargs)
           ^^^^^^^^^^^^^^^^^^^^^^^^^^^^^^^^^^^^^^
  File "/home/airflow/.local/lib/python3.12/site-packages/airflow/models/taskinstance.py", line 3004, in _run_raw_task
    return _run_raw_task(
           ^^^^^^^^^^^^^^
  File "/home/airflow/.local/lib/python3.12/site-packages/airflow/models/taskinstance.py", line 273, in _run_raw_task
    TaskInstance._execute_task_with_callbacks(
  File "/home/airflow/.local/lib/python3.12/site-packages/airflow/models/taskinstance.py", line 3158, in _execute_task_with_callbacks
    result = self._execute_task(context, task_orig)
             ^^^^^^^^^^^^^^^^^^^^^^^^^^^^^^^^^^^^^^
  File "/home/airflow/.local/lib/python3.12/site-packages/airflow/models/taskinstance.py", line 3182, in _execute_task
    return _execute_task(self, context, task_orig)
           ^^^^^^^^^^^^^^^^^^^^^^^^^^^^^^^^^^^^^^^
  File "/home/airflow/.local/lib/python3.12/site-packages/airflow/models/taskinstance.py", line 767, in _execute_task
    result = _execute_callable(context=context, **execute_callable_kwargs)
             ^^^^^^^^^^^^^^^^^^^^^^^^^^^^^^^^^^^^^^^^^^^^^^^^^^^^^^^^^^^^^
  File "/home/airflow/.local/lib/python3.12/site-packages/airflow/models/taskinstance.py", line 733, in _execute_callable
    return ExecutionCallableRunner(
           ^^^^^^^^^^^^^^^^^^^^^^^^
  File "/home/airflow/.local/lib/python3.12/site-packages/airflow/utils/operator_helpers.py", line 252, in run
    return self.func(*args, **kwargs)
           ^^^^^^^^^^^^^^^^^^^^^^^^^^
  File "/home/airflow/.local/lib/python3.12/site-packages/airflow/models/baseoperator.py", line 406, in wrapper
    return func(self, *args, **kwargs)
           ^^^^^^^^^^^^^^^^^^^^^^^^^^^
  File "/home/airflow/.local/lib/python3.12/site-packages/airflow/operators/python.py", line 238, in execute
    return_value = self.execute_callable()
                   ^^^^^^^^^^^^^^^^^^^^^^^
  File "/home/airflow/.local/lib/python3.12/site-packages/airflow/operators/python.py", line 256, in execute_callable
    return runner.run(*self.op_args, **self.op_kwargs)
           ^^^^^^^^^^^^^^^^^^^^^^^^^^^^^^^^^^^^^^^^^^^
  File "/home/airflow/.local/lib/python3.12/site-packages/airflow/utils/operator_helpers.py", line 252, in run
    return self.func(*args, **kwargs)
           ^^^^^^^^^^^^^^^^^^^^^^^^^^
  File "/opt/airflow/dags/raw_from_api_to_s3.py", line 52, in get_and_transfer_api_data_to_s3
    con.sql(
_duckdb.HTTPException: HTTP Error: Unable to connect to URL s3://prod/raw/earthquake/2026-03-24/2026-03-24_00-00-00.gz.parquet: Not Found (HTTP code 404)
[2026-04-14T17:10:45.639+0000] {local_task_job_runner.py:266} INFO - Task exited with return code 1
[2026-04-14T17:10:45.666+0000] {taskinstance.py:3900} INFO - 0 downstream tasks scheduled from follow-on schedule check
[2026-04-14T17:10:45.667+0000] {local_task_job_runner.py:245} INFO - ::endgroup::
