[2026-04-17T00:00:01.830+0000] {local_task_job_runner.py:123} INFO - ::group::Pre task execution logs
[2026-04-17T00:00:01.837+0000] {taskinstance.py:2612} INFO - Dependencies all met for dep_context=non-requeueable deps ti=<TaskInstance: raw_from_api_to_s3.get_and_transfer_api_data_to_s3 scheduled__2026-04-16T00:00:00+00:00 [queued]>
[2026-04-17T00:00:01.840+0000] {taskinstance.py:2612} INFO - Dependencies all met for dep_context=requeueable deps ti=<TaskInstance: raw_from_api_to_s3.get_and_transfer_api_data_to_s3 scheduled__2026-04-16T00:00:00+00:00 [queued]>
[2026-04-17T00:00:01.840+0000] {taskinstance.py:2865} INFO - Starting attempt 1 of 4
[2026-04-17T00:00:01.844+0000] {taskinstance.py:2888} INFO - Executing <Task(PythonOperator): get_and_transfer_api_data_to_s3> on 2026-04-16 00:00:00+00:00
[2026-04-17T00:00:01.848+0000] {warnings.py:112} WARNING - /home/***/.local/lib/python3.12/site-packages/***/task/task_runner/standard_task_runner.py:70: DeprecationWarning: This process (pid=45308) is multi-threaded, use of fork() may lead to deadlocks in the child.
  pid = os.fork()

[2026-04-17T00:00:01.849+0000] {standard_task_runner.py:72} INFO - Started process 45316 to run task
[2026-04-17T00:00:01.849+0000] {standard_task_runner.py:104} INFO - Running: ['***', 'tasks', 'run', 'raw_from_api_to_s3', 'get_and_transfer_api_data_to_s3', 'scheduled__2026-04-16T00:00:00+00:00', '--job-id', '34', '--raw', '--subdir', 'DAGS_FOLDER/raw_from_api_to_s3.py', '--cfg-path', '/tmp/tmp50892aag']
[2026-04-17T00:00:01.849+0000] {standard_task_runner.py:105} INFO - Job 34: Subtask get_and_transfer_api_data_to_s3
[2026-04-17T00:00:01.873+0000] {task_command.py:467} INFO - Running <TaskInstance: raw_from_api_to_s3.get_and_transfer_api_data_to_s3 scheduled__2026-04-16T00:00:00+00:00 [running]> on host 24150d739e20
[2026-04-17T00:00:01.910+0000] {taskinstance.py:3131} INFO - Exporting env vars: AIRFLOW_CTX_DAG_OWNER='s.kiyassov' AIRFLOW_CTX_DAG_ID='raw_from_api_to_s3' AIRFLOW_CTX_TASK_ID='get_and_transfer_api_data_to_s3' AIRFLOW_CTX_EXECUTION_DATE='2026-04-16T00:00:00+00:00' AIRFLOW_CTX_TRY_NUMBER='1' AIRFLOW_CTX_DAG_RUN_ID='scheduled__2026-04-16T00:00:00+00:00'
[2026-04-17T00:00:01.910+0000] {taskinstance.py:731} INFO - ::endgroup::
[2026-04-17T00:00:01.919+0000] {raw_from_api_to_s3.py:49} INFO - 💻 Start load for dates: 2026-04-16/2026-04-17
[2026-04-17T00:00:05.286+0000] {raw_from_api_to_s3.py:75} INFO - Download for date success: 2026-04-16
[2026-04-17T00:00:05.287+0000] {python.py:240} INFO - Done. Returned value was: None
[2026-04-17T00:00:05.292+0000] {taskinstance.py:340} INFO - ::group::Post task execution logs
[2026-04-17T00:00:05.292+0000] {taskinstance.py:352} INFO - Marking task as SUCCESS. dag_id=raw_from_api_to_s3, task_id=get_and_transfer_api_data_to_s3, run_id=scheduled__2026-04-16T00:00:00+00:00, execution_date=20260416T000000, start_date=20260417T000001, end_date=20260417T000005
[2026-04-17T00:00:05.334+0000] {local_task_job_runner.py:266} INFO - Task exited with return code 0
[2026-04-17T00:00:05.343+0000] {taskinstance.py:3900} INFO - 0 downstream tasks scheduled from follow-on schedule check
[2026-04-17T00:00:05.343+0000] {local_task_job_runner.py:245} INFO - ::endgroup::
